Archive member included to satisfy reference by file (symbol)

../fatfs/libfatfs-arm.a(ff-arm.o)
                              main.o (f_mount)
../fatfs/libfatfs-arm.a(ff_utf8-arm.o)
                              GCAM.o (f_open_char)
../fatfs/libfatfs-arm.a(ccsbcs-arm.o)
                              ../fatfs/libfatfs-arm.a(ff-arm.o) (ff_convert)
be/libc.a(lib_a-gmtime.o)     diskio.o (gmtime)
be/libc.a(lib_a-gmtime_r.o)   be/libc.a(lib_a-gmtime.o) (gmtime_r)
be/libc.a(lib_a-impure.o)     be/libc.a(lib_a-gmtime.o) (_impure_ptr)
be/libc.a(lib_a-isprint.o)    common.o (isprint)
be/libc.a(lib_a-mbstowcs.o)   ../fatfs/libfatfs-arm.a(ff_utf8-arm.o) (mbstowcs)
be/libc.a(lib_a-mbstowcs_r.o)
                              be/libc.a(lib_a-mbstowcs.o) (_mbstowcs_r)
be/libc.a(lib_a-mbtowc_r.o)   be/libc.a(lib_a-mbstowcs_r.o) (__mbtowc)
be/libc.a(lib_a-mktm_r.o)     be/libc.a(lib_a-gmtime_r.o) (_mktm_r)
be/libc.a(lib_a-strcasecmp.o)
                              DI.o (strcasecmp)
be/libc.a(lib_a-strchr.o)     HID.o (strchr)
be/libc.a(lib_a-strcpy.o)     DI.o (strcpy)
be/libc.a(lib_a-strlen.o)     JVSIOMessage.o (strlen)
be/libc.a(lib_a-strncmp.o)    DI.o (strncmp)
be/libc.a(lib_a-strncpy.o)    vsprintf.o (strncpy)
be/libc.a(lib_a-strnlen.o)    vsprintf.o (strnlen)
be/libc.a(lib_a-strstr.o)     HID.o (strstr)
be/libc.a(lib_a-strtoul.o)    HID.o (strtoul)
be/libc.a(lib_a-tzlock.o)     be/libc.a(lib_a-mktm_r.o) (__tz_lock)
be/libc.a(lib_a-tzvars.o)     be/libc.a(lib_a-mktm_r.o) (_daylight)
be/libc.a(lib_a-wcstombs.o)   ../fatfs/libfatfs-arm.a(ff_utf8-arm.o) (wcstombs)
be/libc.a(lib_a-wcstombs_r.o)
                              be/libc.a(lib_a-wcstombs.o) (_wcstombs_r)
be/libc.a(lib_a-wctomb_r.o)   be/libc.a(lib_a-wcstombs_r.o) (__wctomb)
be/libc.a(lib_a-ctype_.o)     be/libc.a(lib_a-isprint.o) (__ctype_ptr__)
be/libc.a(lib_a-gettzinfo.o)  be/libc.a(lib_a-mktm_r.o) (__gettzinfo)
be/libc.a(lib_a-locale.o)     be/libc.a(lib_a-mbstowcs_r.o) (__locale_charset)
be/libc.a(lib_a-memchr-stub.o)
                              be/libc.a(lib_a-strstr.o) (memchr)
be/libc.a(lib_a-strcat.o)     be/libc.a(lib_a-locale.o) (strcat)
be/libc.a(lib_a-strcmp.o)     be/libc.a(lib_a-locale.o) (strcmp)
be/libc.a(lib_a-strlcpy.o)    be/libc.a(lib_a-locale.o) (strlcpy)
be/libc.a(lib_a-strncasecmp.o)
                              be/libc.a(lib_a-locale.o) (strncasecmp)
be/libc.a(lib_a-strtol.o)     be/libc.a(lib_a-locale.o) (_strtol_r)
be/libc.a(lib_a-getenv_r.o)   be/libc.a(lib_a-locale.o) (_getenv_r)
be/libc.a(lib_a-environ.o)    be/libc.a(lib_a-getenv_r.o) (environ)
be/libc.a(lib_a-envlock.o)    be/libc.a(lib_a-getenv_r.o) (__env_lock)
be/libgcc.a(_udivsi3.o)       ../fatfs/libfatfs-arm.a(ff-arm.o) (__aeabi_uidiv)
be/libgcc.a(_divsi3.o)        ../fatfs/libfatfs-arm.a(ff-arm.o) (__aeabi_idiv)
be/libgcc.a(_dvmd_tls.o)      be/libgcc.a(_udivsi3.o) (__aeabi_idiv0)
be/libgcc.a(_arm_addsubsf3.o)
                              ReadSpeed.o (__aeabi_fadd)
be/libgcc.a(_arm_muldivsf3.o)
                              common.o (__aeabi_fmul)
be/libgcc.a(_arm_cmpsf2.o)    common.o (__aeabi_fcmpgt)
be/libgcc.a(_arm_fixunssfsi.o)
                              ReadSpeed.o (__aeabi_f2uiz)
be/libgcc.a(_aeabi_ldivmod.o)
                              HID.o (__aeabi_ldivmod)
be/libgcc.a(_aeabi_uldivmod.o)
                              HID.o (__aeabi_uldivmod)
be/libgcc.a(bpabi.o)          be/libgcc.a(_aeabi_ldivmod.o) (__gnu_ldivmod_helper)
be/libgcc.a(_divdi3.o)        be/libgcc.a(bpabi.o) (__divdi3)
be/libgcc.a(_udivdi3.o)       be/libgcc.a(bpabi.o) (__udivdi3)
be/libgcc.a(_clzsi2.o)        be/libgcc.a(_divdi3.o) (__clzsi2)

Discarded input sections

 .data          0x0000000000000000        0x0 start.o
 .bss           0x0000000000000000        0x0 start.o
 .text          0x0000000000000000        0x0 common.o
 .data          0x0000000000000000        0x0 common.o
 .bss           0x0000000000000000        0x0 common.o
 .text.wait_for_ppc
                0x0000000000000000       0x74 common.o
 .text          0x0000000000000000        0x0 alloc.o
 .data          0x0000000000000000        0x0 alloc.o
 .bss           0x0000000000000000        0x0 alloc.o
 .text          0x0000000000000000        0x0 GCAM.o
 .data          0x0000000000000000        0x0 GCAM.o
 .bss           0x0000000000000000        0x0 GCAM.o
 .text.GCAMCARDCleanStatus
                0x0000000000000000       0x1c GCAM.o
 .text          0x0000000000000000        0x0 JVSIO.o
 .data          0x0000000000000000        0x0 JVSIO.o
 .bss           0x0000000000000000        0x0 JVSIO.o
 .text          0x0000000000000000        0x0 JVSIOMessage.o
 .data          0x0000000000000000        0x0 JVSIOMessage.o
 .bss           0x0000000000000000        0x0 JVSIOMessage.o
 .text.addData  0x0000000000000000       0xc0 JVSIOMessage.o
 .text          0x0000000000000000        0x0 FST.o
 .data          0x0000000000000000        0x0 FST.o
 .bss           0x0000000000000000        0x0 FST.o
[...]
Memory Configuration

Name             Origin             Length             Attributes
code             0x0000000012f00000 0x0000000000060000
data             0x0000000012f60000 0x0000000000080000
stack            0x0000000012fe0000 0x0000000000010000
*default*        0x0000000000000000 0xffffffffffffffff

Linker script and memory map

                0x0000000000002000                __stack_size = 0x2000
                0x0000000012fe2000                __phy_stack_addr = (0x12fe0000 + __stack_size)
                0x0000000000001000                __di_stack_size = 0x1000
                0x0000000012fe3000                __di_stack_addr = (__phy_stack_addr + __di_stack_size)
                0x0000000000000400                __realdi_stack_size = 0x400
                0x0000000012fe3400                __realdi_stack_addr = (__di_stack_addr + __realdi_stack_size)
                0x0000000000000400                __hid_stack_size = 0x400
                0x0000000012fe3800                __hid_stack_addr = (__realdi_stack_addr + __hid_stack_size)
                0x0000000000000400                __intr_stack_size = 0x400
                0x0000000012fe3c00                __intr_stack_addr = (__hid_stack_addr + __intr_stack_size)
                0x0000000000000400                __blk_stack_size = 0x400
                0x0000000012fe4000                __blk_stack_addr = (__intr_stack_addr + __blk_stack_size)

.init           0x0000000012f00000        0x0
 *(.init)
                0x0000000012f00000                . = ALIGN (0x4)

.text           0x0000000012f00000    0x39a80
 *(.text*)
 .text          0x0000000012f00000       0x20 start.o
                0x0000000012f00000                _start
 .text.BootStatus
                0x0000000012f00020       0xbc common.o
                0x0000000012f00020                BootStatus
 .text.BootStatusError
                0x0000000012f000dc       0x24 common.o
                0x0000000012f000dc                BootStatusError
 .text.R32      0x0000000012f00100       0x58 common.o
                0x0000000012f00100                R32
 .text.W32      0x0000000012f00158       0x94 common.o
                0x0000000012f00158                W32
 .text.udelay   0x0000000012f001ec       0x70 common.o
                0x0000000012f001ec                udelay
 .text.mdelay   0x0000000012f0025c       0x78 common.o
                0x0000000012f0025c                mdelay
 .text.Shutdown
                0x0000000012f002d4       0xec common.o
                0x0000000012f002d4                Shutdown
 .text.Asciify  0x0000000012f003c0       0x50 common.o
                0x0000000012f003c0                Asciify
 .text.InitCurrentTime
                0x0000000012f00410       0x48 common.o
                0x0000000012f00410                InitCurrentTime
 .text.GetCurrentTime
                0x0000000012f00458       0x80 common.o
                0x0000000012f00458                GetCurrentTime
 .text.malloc   0x0000000012f004d8       0x1c alloc.o
                0x0000000012f004d8                malloc
 .text.malloca  0x0000000012f004f4       0x20 alloc.o
                0x0000000012f004f4                malloca
 .text.free     0x0000000012f00514       0x10 alloc.o
                0x0000000012f00514                free
 .text.GCAMInit
                0x0000000012f00524      0x204 GCAM.o
                0x0000000012f00524                GCAMInit
 .text.GCAMGetCARDName
                0x0000000012f00728       0x88 GCAM.o
                0x0000000012f00728                GCAMGetCARDName
 .text.GCAMCARDIsValid
                0x0000000012f007b0       0x6c GCAM.o
                0x0000000012f007b0                GCAMCARDIsValid
 .text.GCAMCARDCommand
                0x0000000012f0081c      0xc28 GCAM.o
                0x0000000012f0081c                GCAMCARDCommand
 .text.GCAMCommand
                0x0000000012f01444      0x6b0 GCAM.o
                0x0000000012f01444                GCAMCommand
 .text.GCAMUpdateRegisters
                0x0000000012f01af4      0x258 GCAM.o
                0x0000000012f01af4                GCAMUpdateRegisters
 .text.JVSIOCommand
                0x0000000012f01d4c     0x1f28 JVSIO.o
                0x0000000012f01d4c                JVSIOCommand
 .text.JVSIOMessage
                0x0000000012f03c74       0x2c JVSIOMessage.o
                0x0000000012f03c74                JVSIOMessage
 .text.JVSIOstart
                0x0000000012f03ca0      0x128 JVSIOMessage.o
                0x0000000012f03ca0                JVSIOstart
 .text.addDataBuffer
                0x0000000012f03dc8       0xa8 JVSIOMessage.o
                0x0000000012f03dc8                addDataBuffer
 .text.addDataString
                0x0000000012f03e70       0xb0 JVSIOMessage.o
                0x0000000012f03e70                addDataString
 .text.addDataByte
                0x0000000012f03f20       0x94 JVSIOMessage.o
                0x0000000012f03f20                addDataByte
 .text.end      0x0000000012f03fb4       0xc4 JVSIOMessage.o
                0x0000000012f03fb4                end
 .text.FSTInit  0x0000000012f04078      0x1c0 FST.o
                0x0000000012f04078                FSTInit
 .text.FSTCleanup
                0x0000000012f04238       0x38 FST.o
                0x0000000012f04238                FSTCleanup
 .text.FSTRead  0x0000000012f04270      0x6ac FST.o
                0x0000000012f04270                FSTRead
 .text.DIRegister
                0x0000000012f0491c       0x44 DI.o
                0x0000000012f0491c                DIRegister
 .text.DIUnregister
                0x0000000012f04960       0x38 DI.o
                0x0000000012f04960                DIUnregister
 .text.DiscCheckAsync
                0x0000000012f04998       0x48 DI.o
                0x0000000012f04998                DiscCheckAsync
 .text.DiscReadSync
                0x0000000012f049e0       0xf4 DI.o
                0x0000000012f049e0                DiscReadSync
 .text.DIinit   0x0000000012f04ad4      0x360 DI.o
                0x0000000012f04ad4                DIinit
 .text.DISetDIMMVersion
                0x0000000012f04e34       0x10 DI.o
                0x0000000012f04e34                DISetDIMMVersion
 .text.DIChangeDisc
                0x0000000012f04e44       0xd0 DI.o
                0x0000000012f04e44                DIChangeDisc
 .text.DIInterrupt
                0x0000000012f04f14      0x180 DI.o
                0x0000000012f04f14                DIInterrupt
 .text.DIUpdateRegisters
                0x0000000012f05094      0xb4c DI.o
                0x0000000012f05094                DIUpdateRegisters
 .text.DIReadThread
                0x0000000012f05be0      0x3c0 DI.o
                0x0000000012f05be0                DIReadThread
 .text.DIFinishAsync
                0x0000000012f05fa0       0x54 DI.o
                0x0000000012f05fa0                DIFinishAsync
 .text.RealDI_Thread
                0x0000000012f05ff4       0x48 RealDI.o
                0x0000000012f05ff4                RealDI_Thread
 .text.RealDI_Update
                0x0000000012f0603c       0xa8 RealDI.o
                0x0000000012f0603c                RealDI_Update
 .text.RealDI_NewDisc
                0x0000000012f060e4      0x16c RealDI.o
                0x0000000012f060e4                RealDI_NewDisc
 .text.ReadRealDisc
                0x0000000012f06250      0x374 RealDI.o
                0x0000000012f06250                ReadRealDisc
 .text.RealDI_Identify
                0x0000000012f065c4      0x168 RealDI.o
                0x0000000012f065c4                RealDI_Identify
 .text.RealDI_Init
                0x0000000012f0672c      0x144 RealDI.o
                0x0000000012f0672c                RealDI_Init
 .text.GameNeedsHook
                0x0000000012f06870      0x504 Patch.o
 .text.printpatchfound
                0x0000000012f06d74       0x2c Patch.o
 .text.PatchAX_Dsp
                0x0000000012f06da0      0x4a0 Patch.o
 .text.PatchB   0x0000000012f07240       0x14 Patch.o
                0x0000000012f07240                PatchB
 .text.PatchBL  0x0000000012f07254       0x14 Patch.o
                0x0000000012f07254                PatchBL
 .text.PatchCopy
                0x0000000012f07268       0x2c Patch.o
                0x0000000012f07268                PatchCopy
 .text.PatchFuncInterface
                0x0000000012f07294      0x330 Patch.o
                0x0000000012f07294                PatchFuncInterface
 .text.PatchPatchBuffer
                0x0000000012f075c4      0x10c Patch.o
                0x0000000012f075c4                PatchPatchBuffer
 .text.MPattern
                0x0000000012f076d0      0x1e8 Patch.o
                0x0000000012f076d0                MPattern
 .text.PatchInit
                0x0000000012f078b8       0x48 Patch.o
                0x0000000012f078b8                PatchInit
 .text.SetIPL   0x0000000012f07900       0x14 Patch.o
                0x0000000012f07900                SetIPL
 .text.SetIPL_TRI
                0x0000000012f07914       0x24 Patch.o
                0x0000000012f07914                SetIPL_TRI
 .text.Check_Cheats
                0x0000000012f07938      0x1a8 Patch.o
                0x0000000012f07938                Check_Cheats
 .text.DoPatches
                0x0000000012f07ae0     0xa3e0 Patch.o
                0x0000000012f07ae0                DoPatches
 .text.PatchGame
                0x0000000012f11ec0      0x54c Patch.o
                0x0000000012f11ec0                PatchGame
 .text.PatchTimers
                0x0000000012f1240c      0xf24 PatchTimers.o
                0x0000000012f1240c                PatchTimers
 .text.PatchStaticTimers
                0x0000000012f13330      0x338 PatchTimers.o
                0x0000000012f13330                PatchStaticTimers
 .text.TRIInit  0x0000000012f13668       0x28 TRI.o
                0x0000000012f13668                TRIInit
 .text.TRIReset
                0x0000000012f13690       0x70 TRI.o
                0x0000000012f13690                TRIReset
 .text.TRIBackupSettings
                0x0000000012f13700      0x154 TRI.o
                0x0000000012f13700                TRIBackupSettings
 .text.TRIReadSettings
                0x0000000012f13854      0x104 TRI.o
                0x0000000012f13854                TRIReadSettings
 .text.TRISetupGames
                0x0000000012f13958     0x1754 TRI.o
                0x0000000012f13958                TRISetupGames
 .text.PatchWideMulti
                0x0000000012f150ac       0x60 PatchWidescreen.o
                0x0000000012f150ac                PatchWideMulti
 .text.PatchWidescreen
                0x0000000012f1510c      0x200 PatchWidescreen.o
                0x0000000012f1510c                PatchWidescreen
 .text.PatchStaticWidescreen
                0x0000000012f1530c     0x1b58 PatchWidescreen.o
                0x0000000012f1530c                PatchStaticWidescreen
 .text.ISOInit  0x0000000012f16e64      0xb3c ISO.o
                0x0000000012f16e64                ISOInit
 .text.ISOClose
                0x0000000012f179a0       0x68 ISO.o
                0x0000000012f179a0                ISOClose
 .text.ISOSetupCache
                0x0000000012f17a08       0xf0 ISO.o
                0x0000000012f17a08                ISOSetupCache
 .text.ISOSeek  0x0000000012f17af8       0xfc ISO.o
                0x0000000012f17af8                ISOSeek
 .text.ISORead  0x0000000012f17bf4      0x8cc ISO.o
                0x0000000012f17bf4                ISORead
 .text.WritePCM48to32
                0x0000000012f184c0      0x104 Stream.o
                0x0000000012f184c0                WritePCM48to32
 .text.WritePCM48
                0x0000000012f185c4       0x60 Stream.o
                0x0000000012f185c4                WritePCM48
 .text.StreamInit
                0x0000000012f18624       0x94 Stream.o
                0x0000000012f18624                StreamInit
 .text.StreamUpdateRegisters
                0x0000000012f186b8      0x270 Stream.o
                0x0000000012f186b8                StreamUpdateRegisters
 .text.StreamStartStream
                0x0000000012f18928      0x2d0 Stream.o
                0x0000000012f18928                StreamStartStream
 .text.StreamEndStream
                0x0000000012f18bf8       0x24 Stream.o
                0x0000000012f18bf8                StreamEndStream
 .text.ADPdecodebuffer
                0x0000000012f18c1c      0x264 adp.o
                0x0000000012f18c1c                ADPdecodebuffer
 .text.EXIDeviceMemoryCard
                0x0000000012f18e80      0x2f4 EXI.o
 .text.EXIDevice_ROM_RTC_SRAM_UART.isra.0
                0x0000000012f19174      0x204 EXI.o
 .text.EXIInit  0x0000000012f19378       0xac EXI.o
                0x0000000012f19378                EXIInit
 .text.EXISetTimings
                0x0000000012f19424       0xc0 EXI.o
                0x0000000012f19424                EXISetTimings
 .text.EXICheckTimer
                0x0000000012f194e4       0x40 EXI.o
                0x0000000012f194e4                EXICheckTimer
 .text.EXIInterrupt
                0x0000000012f19524       0x8c EXI.o
                0x0000000012f19524                EXIInterrupt
 .text.EXIShutdown
                0x0000000012f195b0       0x50 EXI.o
                0x0000000012f195b0                EXIShutdown
 .text.EXIDeviceSP1
                0x0000000012f19600      0x380 EXI.o
                0x0000000012f19600                EXIDeviceSP1
 .text.EXIUpdateRegistersNEW
                0x0000000012f19980      0x22c EXI.o
                0x0000000012f19980                EXIUpdateRegistersNEW
 .text.EXIPrepareTRIGameStart
                0x0000000012f19bac       0xb4 EXI.o
                0x0000000012f19bac                EXIPrepareTRIGameStart
 .text.SRAM_Init
                0x0000000012f19c60      0x194 SRAM.o
                0x0000000012f19c60                SRAM_Init
 .text.GCNCard_IsEnabled
                0x0000000012f19df4       0x30 GCNCard.o
                0x0000000012f19df4                GCNCard_IsEnabled
 .text.GCNCard_Load
                0x0000000012f19e24      0x374 GCNCard.o
                0x0000000012f19e24                GCNCard_Load
 .text.GCNCard_GetTotalSize
                0x0000000012f1a198       0x18 GCNCard.o
                0x0000000012f1a198                GCNCard_GetTotalSize
 .text.GCNCard_CheckChanges
                0x0000000012f1a1b0       0x34 GCNCard.o
                0x0000000012f1a1b0                GCNCard_CheckChanges
 .text.GCNCard_Save
                0x0000000012f1a1e4      0x144 GCNCard.o
                0x0000000012f1a1e4                GCNCard_Save
 .text.GCNCard_ClearWriteCount
                0x0000000012f1a328       0x2c GCNCard.o
                0x0000000012f1a328                GCNCard_ClearWriteCount
 .text.GCNCard_SetBlockOffset
                0x0000000012f1a354       0x54 GCNCard.o
                0x0000000012f1a354                GCNCard_SetBlockOffset
 .text.GCNCard_Write
                0x0000000012f1a3a8      0x100 GCNCard.o
                0x0000000012f1a3a8                GCNCard_Write
 .text.GCNCard_Read
                0x0000000012f1a4a8       0x6c GCNCard.o
                0x0000000012f1a4a8                GCNCard_Read
 .text.GCNCard_GetCode
                0x0000000012f1a514       0x30 GCNCard.o
                0x0000000012f1a514                GCNCard_GetCode
 .text.GCNCard_SetBlockOffset_Erase
                0x0000000012f1a544       0x48 GCNCard.o
                0x0000000012f1a544                GCNCard_SetBlockOffset_Erase
 .text.SIInit   0x0000000012f1a58c       0x88 SI.o
                0x0000000012f1a58c                SIInit
 .text.SIInterrupt
                0x0000000012f1a614       0xd8 SI.o
                0x0000000012f1a614                SIInterrupt
 .text.SIUpdateRegisters
                0x0000000012f1a6ec      0x244 SI.o
                0x0000000012f1a6ec                SIUpdateRegisters
 .text.HIDAlarm
                0x0000000012f1a930       0xa8 HID.o
 .text.HIDCTRLRumble
                0x0000000012f1a9d8       0xd8 HID.o
                0x0000000012f1a9d8                HIDCTRLRumble
 .text.HIDIRQRumble
                0x0000000012f1aab0       0xec HID.o
                0x0000000012f1aab0                HIDIRQRumble
 .text.HIDGCRumble
                0x0000000012f1ab9c       0xd8 HID.o
                0x0000000012f1ab9c                HIDGCRumble
 .text.HIDPS3Rumble
                0x0000000012f1ac74      0x11c HID.o
                0x0000000012f1ac74                HIDPS3Rumble
 .text.HIDIRQRead
                0x0000000012f1ad90      0x158 HID.o
                0x0000000012f1ad90                HIDIRQRead
 .text.HIDPS3Read
                0x0000000012f1aee8      0x184 HID.o
                0x0000000012f1aee8                HIDPS3Read
 .text.HIDInit  0x0000000012f1b06c      0x20c HID.o
                0x0000000012f1b06c                HIDInit
 .text.HIDClose
                0x0000000012f1b278       0x20 HID.o
                0x0000000012f1b278                HIDClose
 .text.HIDGCInit
                0x0000000012f1b298       0xc0 HID.o
                0x0000000012f1b298                HIDGCInit
 .text.HIDPS3Init
                0x0000000012f1b358       0xbc HID.o
                0x0000000012f1b358                HIDPS3Init
 .text.ConfigGetValue
                0x0000000012f1b414      0x1c0 HID.o
                0x0000000012f1b414                ConfigGetValue
 .text.ConfigGetDecValue
                0x0000000012f1b5d4      0x12c HID.o
                0x0000000012f1b5d4                ConfigGetDecValue
 .text.HIDOpen  0x0000000012f1b700     0x2750 HID.o
                0x0000000012f1b700                HIDOpen
 .text.HIDUpdateRegisters
                0x0000000012f1de50      0x328 HID.o
                0x0000000012f1de50                HIDUpdateRegisters
 .text.disk_read_sd
                0x0000000012f1e178       0xbc diskio.o
                0x0000000012f1e178                disk_read_sd
 .text.disk_write_sd
                0x0000000012f1e234       0xa0 diskio.o
                0x0000000012f1e234                disk_write_sd
 .text.disk_read_usb
                0x0000000012f1e2d4       0xbc diskio.o
                0x0000000012f1e2d4                disk_read_usb
 .text.disk_write_usb
                0x0000000012f1e390       0xbc diskio.o
                0x0000000012f1e390                disk_write_usb
 .text.disk_status
                0x0000000012f1e44c        0x8 diskio.o
                0x0000000012f1e44c                disk_status
 .text.disk_initialize
                0x0000000012f1e454        0x8 diskio.o
                0x0000000012f1e454                disk_initialize
 .text.disk_ioctl
                0x0000000012f1e45c       0x1c diskio.o
                0x0000000012f1e45c                disk_ioctl
 .text.get_fattime
                0x0000000012f1e478       0x50 diskio.o
                0x0000000012f1e478                get_fattime
 .text.SetDiskFunctions
                0x0000000012f1e4c8       0x48 diskio.o
                0x0000000012f1e4c8                SetDiskFunctions
 .text.ConfigSyncBeforeRead
                0x0000000012f1e510       0x10 Config.o
                0x0000000012f1e510                ConfigSyncBeforeRead
 .text.ConfigInit
                0x0000000012f1e520      0x120 Config.o
                0x0000000012f1e520                ConfigInit
 .text          0x0000000012f1e640      0x134 utils_asm.o
                0x0000000012f1e640                memcpy
                0x0000000012f1e71c                memset32
                0x0000000012f1e734                memset16
                0x0000000012f1e74c                memset8
                0x0000000012f1e764                read64
                0x0000000012f1e76c                write64
 .text._main    0x0000000012f1e774      0xebc main.o
                0x0000000012f1e774                _main
 .text          0x0000000012f1f630      0x180 syscalls.o
                0x0000000012f1f630                thread_create
                0x0000000012f1f638                syscall_02
                0x0000000012f1f640                syscall_03
                0x0000000012f1f648                syscall_04
                0x0000000012f1f650                syscall_05
                0x0000000012f1f658                syscall_07
                0x0000000012f1f660                syscall_09
                0x0000000012f1f668                syscall_0a
                0x0000000012f1f670                syscall_0b
                0x0000000012f1f678                syscall_0d
                0x0000000012f1f680                syscall_0e
                0x0000000012f1f688                TimerCreate
                0x0000000012f1f690                TimerDestroy
                0x0000000012f1f698                heap_create
                0x0000000012f1f6a0                heap_destroy
                0x0000000012f1f6a8                syscall_18
                0x0000000012f1f6b0                heap_alloc_aligned
                0x0000000012f1f6b8                syscall_1a
                0x0000000012f1f6c0                syscall_1b
                0x0000000012f1f6c8                IOS_Open
                0x0000000012f1f6d0                IOS_Close
                0x0000000012f1f6d8                IOS_Read
                0x0000000012f1f6e0                IOS_Write
                0x0000000012f1f6e8                IOS_Seek
                0x0000000012f1f6f0                IOS_Ioctl
                0x0000000012f1f6f8                IOS_Ioctlv
                0x0000000012f1f700                IOS_IoctlAsync
                0x0000000012f1f708                IOS_IoctlvAsync
                0x0000000012f1f710                syscall_2a
                0x0000000012f1f718                syscall_2b
                0x0000000012f1f720                syscall_2d
                0x0000000012f1f728                syscall_2f
                0x0000000012f1f730                syscall_30
                0x0000000012f1f738                syscall_34
                0x0000000012f1f740                sync_before_read
                0x0000000012f1f748                sync_after_write
                0x0000000012f1f750                syscall_41
                0x0000000012f1f758                syscall_42
                0x0000000012f1f760                syscall_43
                0x0000000012f1f768                syscall_4c
                0x0000000012f1f770                syscall_4d
                0x0000000012f1f778                syscall_54
                0x0000000012f1f780                VirtualToPhysical
                0x0000000012f1f788                syscall_59
                0x0000000012f1f790                syscall_5a
                0x0000000012f1f798                sha1
                0x0000000012f1f7a0                svc_write
 .text.ReadSpeed_Init
                0x0000000012f1f7b0       0xc0 ReadSpeed.o
                0x0000000012f1f7b0                ReadSpeed_Init
 .text.ReadSpeed_Start
                0x0000000012f1f870       0x30 ReadSpeed.o
                0x0000000012f1f870                ReadSpeed_Start
 .text.ReadSpeed_Motor
                0x0000000012f1f8a0       0x48 ReadSpeed.o
                0x0000000012f1f8a0                ReadSpeed_Motor
 .text.ReadSpeed_Setup
                0x0000000012f1f8e8      0x1e8 ReadSpeed.o
                0x0000000012f1f8e8                ReadSpeed_Setup
 .text.ReadSpeed_End
                0x0000000012f1fad0       0xac ReadSpeed.o
                0x0000000012f1fad0                ReadSpeed_End
 .text.number   0x0000000012f1fb7c      0x2a8 vsprintf.o
 .text._vsprintf
                0x0000000012f1fe24      0x80c vsprintf.o
                0x0000000012f1fe24                _vsprintf
 .text.dbgprintf
                0x0000000012f20630      0x178 vsprintf.o
                0x0000000012f20630                dbgprintf
 .text.closeLog
                0x0000000012f207a8       0x28 vsprintf.o
                0x0000000012f207a8                closeLog
 .text.CheckOSReport
                0x0000000012f207d0       0x84 vsprintf.o
                0x0000000012f207d0                CheckOSReport
 .text._sprintf.constprop.0
                0x0000000012f20854       0x30 string.o
 .text._sprintf.constprop.1
                0x0000000012f20884       0x30 string.o
 .text._sprintf.constprop.2
                0x0000000012f208b4       0x30 string.o
 .text._sprintf.constprop.3
                0x0000000012f208e4       0x30 string.o
 .text._sprintf.constprop.4
                0x0000000012f20914       0x30 string.o
 .text._sprintf.constprop.5
                0x0000000012f20944       0x30 string.o
 .text.memcmp   0x0000000012f20974       0x50 string.o
                0x0000000012f20974                memcmp
 .text.memset   0x0000000012f209c4       0x2c string.o
                0x0000000012f209c4                memset
 .text._sprintf
                0x0000000012f209f0       0x2c string.o
                0x0000000012f209f0                _sprintf
 .text.hexdump  0x0000000012f20a1c      0x150 string.o
                0x0000000012f20a1c                hexdump
 .text.prs_decompress
                0x0000000012f20b6c      0x240 prs.o
                0x0000000012f20b6c                prs_decompress
 .text.prs_decompress_size
                0x0000000012f20dac      0x144 prs.o
                0x0000000012f20dac                prs_decompress_size
 .text.__sdio_sendcommand
                0x0000000012f20ef0      0x114 SDI.o
 .text.__sdio_sendcommand.constprop.0
                0x0000000012f21004       0xfc SDI.o
 .text.__sdio_waithcr
                0x0000000012f21100      0x194 SDI.o
 .text.__sd0_deselect.isra.0
                0x0000000012f21294       0xc8 SDI.o
 .text.SDHCInit
                0x0000000012f2135c      0xb74 SDI.o
                0x0000000012f2135c                SDHCInit
 .text.SDHCShutdown
                0x0000000012f21ed0       0x20 SDI.o
                0x0000000012f21ed0                SDHCShutdown
 .text.sdio_ReadSectors
                0x0000000012f21ef0      0x390 SDI.o
                0x0000000012f21ef0                sdio_ReadSectors
 .text.sdio_WriteSectors
                0x0000000012f22280      0x368 SDI.o
                0x0000000012f22280                sdio_WriteSectors
 .text.USB_Initialize
                0x0000000012f225e8       0x3c usb.o
                0x0000000012f225e8                USB_Initialize
 .text.USB_Deinitialize
                0x0000000012f22624       0x50 usb.o
                0x0000000012f22624                USB_Deinitialize
 .text.USB_WriteBlkMsg
                0x0000000012f22674       0xac usb.o
                0x0000000012f22674                USB_WriteBlkMsg
 .text.USB_WriteCtrlMsg
                0x0000000012f22720       0xb8 usb.o
                0x0000000012f22720                USB_WriteCtrlMsg
 .text.USB_ClearHalt
                0x0000000012f227d8       0x78 usb.o
                0x0000000012f227d8                USB_ClearHalt
 .text.USBStorage_Open
                0x0000000012f22850       0xf4 usbstorage.o
                0x0000000012f22850                USBStorage_Open
 .text.USBStorage_Startup
                0x0000000012f22944       0x70 usbstorage.o
                0x0000000012f22944                USBStorage_Startup
 .text.USBStorage_ReadSectors
                0x0000000012f229b4      0x3d4 usbstorage.o
                0x0000000012f229b4                USBStorage_ReadSectors
 .text.USBStorage_WriteSectors
                0x0000000012f22d88      0x3c4 usbstorage.o
                0x0000000012f22d88                USBStorage_WriteSectors
 .text.USBStorage_Shutdown
                0x0000000012f2314c       0xb8 usbstorage.o
                0x0000000012f2314c                USBStorage_Shutdown
 .text.WDVD_FST_Open
                0x0000000012f23204      0x204 wdvd.o
                0x0000000012f23204                WDVD_FST_Open
 .text.WDVD_FST_Close
                0x0000000012f23408       0x34 wdvd.o
                0x0000000012f23408                WDVD_FST_Close
 .text.WDVD_FST_OpenDisc
                0x0000000012f2343c       0x20 wdvd.o
                0x0000000012f2343c                WDVD_FST_OpenDisc
 .text.WDVD_FST_LSeek
                0x0000000012f2345c       0x54 wdvd.o
                0x0000000012f2345c                WDVD_FST_LSeek
 .text.WDVD_FST_Read
                0x0000000012f234b0      0x140 wdvd.o
                0x0000000012f234b0                WDVD_FST_Read
 .text.WDVD_FST_Mount
                0x0000000012f235f0      0x244 wdvd.o
                0x0000000012f235f0                WDVD_FST_Mount
 .text.WDVD_Init
                0x0000000012f23834       0x40 wdvd.o
                0x0000000012f23834                WDVD_Init
 .text.SOCKAlarm
                0x0000000012f23874      0x354 sock.o
 .text.SOCKInit
                0x0000000012f23bc8      0x284 sock.o
                0x0000000012f23bc8                SOCKInit
 .text.SOCKUpdateRegisters
                0x0000000012f23e4c      0xa2c sock.o
                0x0000000012f23e4c                SOCKUpdateRegisters
 .text.acl_wlp_completed
                0x0000000012f24878        0x8 lwbt/bte.o
                0x0000000012f24878                acl_wlp_completed
 .text.bte_hci_apply_patch_complete
                0x0000000012f24880       0xd0 lwbt/bte.o
                0x0000000012f24880                bte_hci_apply_patch_complete
 .text.__bte_send_pending_request
                0x0000000012f24950       0xa8 lwbt/bte.o
 .text.acl_conn_complete
                0x0000000012f249f8       0x18 lwbt/bte.o
                0x0000000012f249f8                acl_conn_complete
 .text.bte_hci_initcore_complete2
                0x0000000012f24a10      0x140 lwbt/bte.o
                0x0000000012f24a10                bte_hci_initcore_complete2
 .text.bte_hci_initcore_complete
                0x0000000012f24b50      0x1a4 lwbt/bte.o
                0x0000000012f24b50                bte_hci_initcore_complete
 .text.bte_hci_patch_complete
                0x0000000012f24cf4      0x1cc lwbt/bte.o
                0x0000000012f24cf4                bte_hci_patch_complete
 .text.bte_hci_initsub_complete
                0x0000000012f24ec0      0x190 lwbt/bte.o
                0x0000000012f24ec0                bte_hci_initsub_complete
 .text.__bte_shutdown_finished
                0x0000000012f25050       0x5c lwbt/bte.o
 .text.l2cap_disconnect_cfm
                0x0000000012f250ac      0x144 lwbt/bte.o
                0x0000000012f250ac                l2cap_disconnect_cfm
 .text.l2cap_accepted
                0x0000000012f251f0       0xe4 lwbt/bte.o
                0x0000000012f251f0                l2cap_accepted
 .text.bte_process_input
                0x0000000012f252d4       0xd8 lwbt/bte.o
 .text.bte_read_stored_link_key_complete
                0x0000000012f253ac      0x14c lwbt/bte.o
                0x0000000012f253ac                bte_read_stored_link_key_complete
 .text.l2cap_disconnected_ind
                0x0000000012f254f8      0x11c lwbt/bte.o
                0x0000000012f254f8                l2cap_disconnected_ind
 .text.BTE_Init
                0x0000000012f25614       0x8c lwbt/bte.o
                0x0000000012f25614                BTE_Init
 .text.BTE_Shutdown
                0x0000000012f256a0       0x6c lwbt/bte.o
                0x0000000012f256a0                BTE_Shutdown
 .text.BTE_InitCore
                0x0000000012f2570c       0x40 lwbt/bte.o
                0x0000000012f2570c                BTE_InitCore
 .text.BTE_ApplyPatch
                0x0000000012f2574c       0x5c lwbt/bte.o
                0x0000000012f2574c                BTE_ApplyPatch
 .text.BTE_InitSub
                0x0000000012f257a8       0x44 lwbt/bte.o
                0x0000000012f257a8                BTE_InitSub
 .text.BTE_ReadStoredLinkKey
                0x0000000012f257ec       0x40 lwbt/bte.o
                0x0000000012f257ec                BTE_ReadStoredLinkKey
 .text.bte_new  0x0000000012f2582c       0x34 lwbt/bte.o
                0x0000000012f2582c                bte_new
 .text.bte_registerdeviceasync
                0x0000000012f25860       0xd8 lwbt/bte.o
                0x0000000012f25860                bte_registerdeviceasync
 .text.bte_disconnect
                0x0000000012f25938       0x48 lwbt/bte.o
                0x0000000012f25938                bte_disconnect
 .text.bte_senddata
                0x0000000012f25980       0xb8 lwbt/bte.o
                0x0000000012f25980                bte_senddata
 .text.bte_arg  0x0000000012f25a38        0x8 lwbt/bte.o
                0x0000000012f25a38                bte_arg
 .text.bte_received
                0x0000000012f25a40        0x8 lwbt/bte.o
                0x0000000012f25a40                bte_received
 .text.bte_disconnected
                0x0000000012f25a48        0x8 lwbt/bte.o
                0x0000000012f25a48                bte_disconnected
 .text.btmemb_init
                0x0000000012f25a50       0x24 lwbt/btmemb.o
                0x0000000012f25a50                btmemb_init
 .text.btmemb_alloc
                0x0000000012f25a74       0x5c lwbt/btmemb.o
                0x0000000012f25a74                btmemb_alloc
 .text.btmemb_free
                0x0000000012f25ad0       0x74 lwbt/btmemb.o
                0x0000000012f25ad0                btmemb_free
 .text.plug_holes
                0x0000000012f25b44       0xa8 lwbt/btmemr.o
 .text.btmemr_init
                0x0000000012f25bec       0x60 lwbt/btmemr.o
                0x0000000012f25bec                btmemr_init
 .text.btmemr_malloc
                0x0000000012f25c4c      0x138 lwbt/btmemr.o
                0x0000000012f25c4c                btmemr_malloc
 .text.btmemr_free
                0x0000000012f25d84       0xe8 lwbt/btmemr.o
                0x0000000012f25d84                btmemr_free
 .text.btmemr_realloc
                0x0000000012f25e6c       0xa0 lwbt/btmemr.o
                0x0000000012f25e6c                btmemr_realloc
 .text.btpbuf_init
                0x0000000012f25f0c       0x20 lwbt/btpbuf.o
                0x0000000012f25f0c                btpbuf_init
 .text.btpbuf_alloc
                0x0000000012f25f2c      0x21c lwbt/btpbuf.o
                0x0000000012f25f2c                btpbuf_alloc
 .text.btpbuf_free
                0x0000000012f26148       0x9c lwbt/btpbuf.o
                0x0000000012f26148                btpbuf_free
 .text.btpbuf_realloc
                0x0000000012f261e4      0x154 lwbt/btpbuf.o
                0x0000000012f261e4                btpbuf_realloc
 .text.btpbuf_header
                0x0000000012f26338       0x8c lwbt/btpbuf.o
                0x0000000012f26338                btpbuf_header
 .text.btpbuf_ref
                0x0000000012f263c4       0x14 lwbt/btpbuf.o
                0x0000000012f263c4                btpbuf_ref
 .text.btpbuf_chain
                0x0000000012f263d8       0x68 lwbt/btpbuf.o
                0x0000000012f263d8                btpbuf_chain
 .text.btpbuf_dechain
                0x0000000012f26440       0xcc lwbt/btpbuf.o
                0x0000000012f26440                btpbuf_dechain
 .text.btpbuf_take
                0x0000000012f2650c      0x214 lwbt/btpbuf.o
                0x0000000012f2650c                btpbuf_take
 .text.hci_init
                0x0000000012f26720       0x90 lwbt/hci.o
                0x0000000012f26720                hci_init
 .text.hci_reset_all
                0x0000000012f267b0      0x1a8 lwbt/hci.o
                0x0000000012f267b0                hci_reset_all
 .text.hci_arg  0x0000000012f26958       0x14 lwbt/hci.o
                0x0000000012f26958                hci_arg
 .text.hci_cmd_complete
                0x0000000012f2696c       0x14 lwbt/hci.o
                0x0000000012f2696c                hci_cmd_complete
 .text.hci_connection_complete
                0x0000000012f26980       0x14 lwbt/hci.o
                0x0000000012f26980                hci_connection_complete
 .text.hci_wlp_complete
                0x0000000012f26994       0x14 lwbt/hci.o
                0x0000000012f26994                hci_wlp_complete
 .text.hci_reset
                0x0000000012f269a8       0x8c lwbt/hci.o
                0x0000000012f269a8                hci_reset
 .text.hci_read_buffer_size
                0x0000000012f26a34       0x8c lwbt/hci.o
                0x0000000012f26a34                hci_read_buffer_size
 .text.hci_read_bd_addr
                0x0000000012f26ac0       0x8c lwbt/hci.o
                0x0000000012f26ac0                hci_read_bd_addr
 .text.hci_read_local_version
                0x0000000012f26b4c       0x88 lwbt/hci.o
                0x0000000012f26b4c                hci_read_local_version
 .text.hci_read_local_features
                0x0000000012f26bd4       0x8c lwbt/hci.o
                0x0000000012f26bd4                hci_read_local_features
 .text.hci_read_stored_link_key
                0x0000000012f26c60       0xe4 lwbt/hci.o
                0x0000000012f26c60                hci_read_stored_link_key
 .text.hci_write_page_timeout
                0x0000000012f26d44       0xc4 lwbt/hci.o
                0x0000000012f26d44                hci_write_page_timeout
 .text.hci_write_scan_enable
                0x0000000012f26e08       0x94 lwbt/hci.o
                0x0000000012f26e08                hci_write_scan_enable
 .text.hci_accecpt_conn_request
                0x0000000012f26e9c       0xb0 lwbt/hci.o
                0x0000000012f26e9c                hci_accecpt_conn_request
 .text.hci_write_local_name
                0x0000000012f26f4c       0xa8 lwbt/hci.o
                0x0000000012f26f4c                hci_write_local_name
 .text.hci_write_pin_type
                0x0000000012f26ff4       0x94 lwbt/hci.o
                0x0000000012f26ff4                hci_write_pin_type
 .text.hci_write_inquiry_mode
                0x0000000012f27088       0x94 lwbt/hci.o
                0x0000000012f27088                hci_write_inquiry_mode
 .text.hci_write_page_scan_type
                0x0000000012f2711c       0x94 lwbt/hci.o
                0x0000000012f2711c                hci_write_page_scan_type
 .text.hci_write_inquiry_scan_type
                0x0000000012f271b0       0x94 lwbt/hci.o
                0x0000000012f271b0                hci_write_inquiry_scan_type
 .text.hci_vendor_specific_command
                0x0000000012f27244       0xa8 lwbt/hci.o
                0x0000000012f27244                hci_vendor_specific_command
 .text.hci_write_link_policy_settings
                0x0000000012f272ec      0x18c lwbt/hci.o
                0x0000000012f272ec                hci_write_link_policy_settings
 .text.hci_pin_code_request_neg_reply
                0x0000000012f27478       0xa4 lwbt/hci.o
                0x0000000012f27478                hci_pin_code_request_neg_reply
 .text.hci_disconnect
                0x0000000012f2751c      0x15c lwbt/hci.o
                0x0000000012f2751c                hci_disconnect
 .text.hci_write_cod
                0x0000000012f27678       0xa4 lwbt/hci.o
                0x0000000012f27678                hci_write_cod
 .text.hci_host_buffer_size
                0x0000000012f2771c      0x110 lwbt/hci.o
                0x0000000012f2771c                hci_host_buffer_size
 .text.hci_host_num_comp_packets
                0x0000000012f2782c      0x118 lwbt/hci.o
                0x0000000012f2782c                hci_host_num_comp_packets
 .text.lp_pdu_maxsize
                0x0000000012f27944       0x14 lwbt/hci.o
                0x0000000012f27944                lp_pdu_maxsize
 .text.lp_acl_write
                0x0000000012f27958      0x1a4 lwbt/hci.o
                0x0000000012f27958                lp_acl_write
 .text.lp_write_flush_timeout
                0x0000000012f27afc      0x18c lwbt/hci.o
                0x0000000012f27afc                lp_write_flush_timeout
 .text.hci_event_handler
                0x0000000012f27c88      0xc44 lwbt/hci.o
                0x0000000012f27c88                hci_event_handler
 .text.hci_acldata_handler
                0x0000000012f288cc       0xf0 lwbt/hci.o
                0x0000000012f288cc                hci_acldata_handler
 .text.l2cap_init
                0x0000000012f289bc       0x9c lwbt/l2cap.o
                0x0000000012f289bc                l2cap_init
 .text.l2cap_write
                0x0000000012f28a58       0xfc lwbt/l2cap.o
                0x0000000012f28a58                l2cap_write
 .text.l2cap_new
                0x0000000012f28b54       0x54 lwbt/l2cap.o
                0x0000000012f28b54                l2cap_new
 .text.l2cap_close
                0x0000000012f28ba8      0x170 lwbt/l2cap.o
                0x0000000012f28ba8                l2cap_close
 .text.l2cap_reset_all
                0x0000000012f28d18      0x180 lwbt/l2cap.o
                0x0000000012f28d18                l2cap_reset_all
 .text.l2cap_signal
                0x0000000012f28e98      0x178 lwbt/l2cap.o
                0x0000000012f28e98                l2cap_signal
 .text.l2ca_config_req
                0x0000000012f29010      0x150 lwbt/l2cap.o
                0x0000000012f29010                l2ca_config_req
 .text.l2ca_disconnect_req
                0x0000000012f29160       0xe8 lwbt/l2cap.o
                0x0000000012f29160                l2ca_disconnect_req
 .text.l2cap_tmr
                0x0000000012f29248      0x378 lwbt/l2cap.o
                0x0000000012f29248                l2cap_tmr
 .text.l2cap_process_sig
                0x0000000012f295c0     0x15b4 lwbt/l2cap.o
                0x0000000012f295c0                l2cap_process_sig
 .text.l2cap_input
                0x0000000012f2ab74      0x5dc lwbt/l2cap.o
                0x0000000012f2ab74                l2cap_input
 .text.l2ca_datawrite
                0x0000000012f2b150      0x100 lwbt/l2cap.o
                0x0000000012f2b150                l2ca_datawrite
 .text.lp_connect_cfm
                0x0000000012f2b250      0x180 lwbt/l2cap.o
                0x0000000012f2b250                lp_connect_cfm
 .text.lp_connect_ind
                0x0000000012f2b3d0        0x4 lwbt/l2cap.o
                0x0000000012f2b3d0                lp_connect_ind
 .text.lp_disconnect_ind
                0x0000000012f2b3d4      0x1a0 lwbt/l2cap.o
                0x0000000012f2b3d4                lp_disconnect_ind
 .text.l2cap_arg
                0x0000000012f2b574        0x8 lwbt/l2cap.o
                0x0000000012f2b574                l2cap_arg
 .text.l2cap_connect_ind
                0x0000000012f2b57c       0xa4 lwbt/l2cap.o
                0x0000000012f2b57c                l2cap_connect_ind
 .text.l2cap_disconnect_ind
                0x0000000012f2b620        0x8 lwbt/l2cap.o
                0x0000000012f2b620                l2cap_disconnect_ind
 .text.l2cap_recv
                0x0000000012f2b628        0x8 lwbt/l2cap.o
                0x0000000012f2b628                l2cap_recv
 .text.bulkreadAlarm
                0x0000000012f2b630       0x74 lwbt/physbusif.o
 .text.intrreadAlarm
                0x0000000012f2b6a4       0x74 lwbt/physbusif.o
 .text.__readbulkdataCB
                0x0000000012f2b718       0xd8 lwbt/physbusif.o
                0x0000000012f2b718                __readbulkdataCB
 .text.__readintrdataCB
                0x0000000012f2b7f0       0xd8 lwbt/physbusif.o
                0x0000000012f2b7f0                __readintrdataCB
 .text.__issue_intrread
                0x0000000012f2b8c8       0xf0 lwbt/physbusif.o
                0x0000000012f2b8c8                __issue_intrread
 .text.__issue_bulkread
                0x0000000012f2b9b8       0xec lwbt/physbusif.o
                0x0000000012f2b9b8                __issue_bulkread
 *fill*         0x0000000012f2baa4        0x4 
 .text.physbusif_init
                0x0000000012f2baa8      0x38c lwbt/physbusif.o
                0x0000000012f2baa8                physbusif_init
 .text.physbusif_close
                0x0000000012f2be34       0x1c lwbt/physbusif.o
                0x0000000012f2be34                physbusif_close
 .text.physbusif_shutdown
                0x0000000012f2be50       0x2c lwbt/physbusif.o
                0x0000000012f2be50                physbusif_shutdown
 .text.physbusif_reset_all
                0x0000000012f2be7c        0x4 lwbt/physbusif.o
                0x0000000012f2be7c                physbusif_reset_all
 .text.physbusif_output
                0x0000000012f2be80      0x384 lwbt/physbusif.o
                0x0000000012f2be80                physbusif_output
 .text.BTHandleDisconnect
                0x0000000012f2c204      0x110 BT.o
 .text.BTReadLinkKeyCB
                0x0000000012f2c314       0x18 BT.o
 .text.BTPatchCB
                0x0000000012f2c32c       0x18 BT.o
 .text.BTHandleData
                0x0000000012f2c344      0xf78 BT.o
 .text.BTInitCoreCB
                0x0000000012f2d2bc       0x34 BT.o
 .text.BTHandleConnect
                0x0000000012f2d2f0      0x114 BT.o
 .text.BTUpdateRegisters.part.0
                0x0000000012f2d404      0x36c BT.o
 .text.BTCompleteCB
                0x0000000012f2d770      0x170 BT.o
 .text.BTInit   0x0000000012f2d8e0      0x10c BT.o
                0x0000000012f2d8e0                BTInit
 .text.BTUpdateRegisters
                0x0000000012f2d9ec       0x18 BT.o
                0x0000000012f2d9ec                BTUpdateRegisters
 .text.move_window.part.0
                0x0000000012f2da04       0xe0 ../fatfs/libfatfs-arm.a(ff-arm.o)
 .text.get_fat  0x0000000012f2dae4      0x2cc ../fatfs/libfatfs-arm.a(ff-arm.o)
 .text.dir_next.constprop.0
                0x0000000012f2ddb0      0x110 ../fatfs/libfatfs-arm.a(ff-arm.o)
 .text.put_fat.part.0
                0x0000000012f2dec0      0x2b8 ../fatfs/libfatfs-arm.a(ff-arm.o)
 .text.change_bitmap
                0x0000000012f2e178       0xf8 ../fatfs/libfatfs-arm.a(ff-arm.o)
 .text.load_xdir
                0x0000000012f2e270      0x358 ../fatfs/libfatfs-arm.a(ff-arm.o)
 .text.check_fs
                0x0000000012f2e5c8      0x1a4 ../fatfs/libfatfs-arm.a(ff-arm.o)
 .text.sync_fs  0x0000000012f2e76c      0x180 ../fatfs/libfatfs-arm.a(ff-arm.o)
 .text.create_chain
                0x0000000012f2e8ec      0x608 ../fatfs/libfatfs-arm.a(ff-arm.o)
 .text.dir_sdi  0x0000000012f2eef4      0x424 ../fatfs/libfatfs-arm.a(ff-arm.o)
 .text.store_xdir
                0x0000000012f2f318      0x330 ../fatfs/libfatfs-arm.a(ff-arm.o)
 .text.dir_find
                0x0000000012f2f648      0xd24 ../fatfs/libfatfs-arm.a(ff-arm.o)
 .text.remove_chain.constprop.0
                0x0000000012f3036c      0x3f8 ../fatfs/libfatfs-arm.a(ff-arm.o)
 .text.dir_alloc
                0x0000000012f30764      0x4b4 ../fatfs/libfatfs-arm.a(ff-arm.o)
 .text.find_volume
                0x0000000012f30c18      0xe3c ../fatfs/libfatfs-arm.a(ff-arm.o)
 .text.f_mount  0x0000000012f31a54       0xd0 ../fatfs/libfatfs-arm.a(ff-arm.o)
                0x0000000012f31a54                f_mount
 .text.f_open   0x0000000012f31b24     0x1c30 ../fatfs/libfatfs-arm.a(ff-arm.o)
                0x0000000012f31b24                f_open
 .text.f_read   0x0000000012f33754      0x4d0 ../fatfs/libfatfs-arm.a(ff-arm.o)
                0x0000000012f33754                f_read
 .text.f_write  0x0000000012f33c24      0x680 ../fatfs/libfatfs-arm.a(ff-arm.o)
                0x0000000012f33c24                f_write
 .text.f_sync   0x0000000012f342a4      0x3cc ../fatfs/libfatfs-arm.a(ff-arm.o)
                0x0000000012f342a4                f_sync
 .text.f_close  0x0000000012f34670       0x64 ../fatfs/libfatfs-arm.a(ff-arm.o)
                0x0000000012f34670                f_close
 .text.f_lseek  0x0000000012f346d4      0x52c ../fatfs/libfatfs-arm.a(ff-arm.o)
                0x0000000012f346d4                f_lseek
 .text.f_open_char
                0x0000000012f34c00       0xac ../fatfs/libfatfs-arm.a(ff_utf8-arm.o)
                0x0000000012f34c00                f_open_char
 .text.ff_convert
                0x0000000012f34cac       0x74 ../fatfs/libfatfs-arm.a(ccsbcs-arm.o)
                0x0000000012f34cac                ff_convert
 .text.ff_wtoupper
                0x0000000012f34d20      0x144 ../fatfs/libfatfs-arm.a(ccsbcs-arm.o)
                0x0000000012f34d20                ff_wtoupper
 .text          0x0000000012f34e64       0x20 be/libc.a(lib_a-gmtime.o)
                0x0000000012f34e64                gmtime
 .text          0x0000000012f34e84       0x14 be/libc.a(lib_a-gmtime_r.o)
                0x0000000012f34e84                gmtime_r
 .text          0x0000000012f34e98       0x38 be/libc.a(lib_a-isprint.o)
                0x0000000012f34e98                isgraph
                0x0000000012f34eb4                isprint
 .text          0x0000000012f34ed0       0x48 be/libc.a(lib_a-mbstowcs.o)
                0x0000000012f34ed0                mbstowcs
 .text          0x0000000012f34f18       0xc8 be/libc.a(lib_a-mbstowcs_r.o)
                0x0000000012f34f18                _mbstowcs_r
 .text          0x0000000012f34fe0      0x7a4 be/libc.a(lib_a-mbtowc_r.o)
                0x0000000012f34fe0                __utf8_mbtowc
                0x0000000012f35304                _mbtowc_r
                0x0000000012f35358                __ascii_mbtowc
                0x0000000012f353a4                __sjis_mbtowc
                0x0000000012f3548c                __eucjp_mbtowc
                0x0000000012f355d4                __jis_mbtowc
 .text          0x0000000012f35784      0x748 be/libc.a(lib_a-mktm_r.o)
                0x0000000012f35784                __tzcalc_limits
                0x0000000012f359c4                _mktm_r
 .text          0x0000000012f35ecc       0x6c be/libc.a(lib_a-strcasecmp.o)
                0x0000000012f35ecc                strcasecmp
 .text          0x0000000012f35f38      0x1c4 be/libc.a(lib_a-strchr.o)
                0x0000000012f35f38                strchr
 .text          0x0000000012f360fc       0xf4 be/libc.a(lib_a-strcpy.o)
                0x0000000012f360fc                strcpy
 .text          0x0000000012f361f0       0x60 be/libc.a(lib_a-strlen.o)
                0x0000000012f361f0                strlen
 .text          0x0000000012f36250      0x160 be/libc.a(lib_a-strncmp.o)
                0x0000000012f36250                strncmp
 .text          0x0000000012f363b0       0xd4 be/libc.a(lib_a-strncpy.o)
                0x0000000012f363b0                strncpy
 .text          0x0000000012f36484       0x68 be/libc.a(lib_a-strnlen.o)
                0x0000000012f36484                strnlen
 .text          0x0000000012f364ec      0x7d0 be/libc.a(lib_a-strstr.o)
                0x0000000012f3695c                strstr
 .text          0x0000000012f36cbc      0x20c be/libc.a(lib_a-strtoul.o)
                0x0000000012f36cbc                _strtoul_r
                0x0000000012f36ea0                strtoul
 .text          0x0000000012f36ec8        0x8 be/libc.a(lib_a-tzlock.o)
                0x0000000012f36ec8                __tz_lock
                0x0000000012f36ecc                __tz_unlock
 .text          0x0000000012f36ed0      0x3d4 be/libc.a(lib_a-wctomb_r.o)
                0x0000000012f36ed0                __utf8_wctomb
                0x0000000012f36fe8                _wctomb_r
                0x0000000012f37038                __ascii_wctomb
                0x0000000012f37064                __sjis_wctomb
                0x0000000012f370f4                __eucjp_wctomb
                0x0000000012f371c0                __jis_wctomb
 .text          0x0000000012f372a4       0x18 be/libc.a(lib_a-ctype_.o)
                0x0000000012f372a4                __set_ctype
 .text          0x0000000012f372bc        0xc be/libc.a(lib_a-gettzinfo.o)
                0x0000000012f372bc                __gettzinfo
 .text          0x0000000012f372c8      0xd94 be/libc.a(lib_a-locale.o)
                0x0000000012f37cc8                _setlocale_r
                0x0000000012f37ff4                __locale_charset
                0x0000000012f38000                __locale_mb_cur_max
                0x0000000012f38010                __locale_msgcharset
                0x0000000012f3801c                __locale_cjk_lang
                0x0000000012f3802c                _localeconv_r
                0x0000000012f38038                setlocale
                0x0000000012f38050                localeconv
 .text          0x0000000012f3805c      0x114 be/libc.a(lib_a-memchr-stub.o)
                0x0000000012f3805c                memchr
 .text          0x0000000012f38170       0x9c be/libc.a(lib_a-strcat.o)
                0x0000000012f38170                strcat
 .text          0x0000000012f3820c      0x240 be/libc.a(lib_a-strcmp.o)
                0x0000000012f3820c                strcmp
 .text          0x0000000012f3844c       0x54 be/libc.a(lib_a-strlcpy.o)
                0x0000000012f3844c                strlcpy
 .text          0x0000000012f384a0       0x8c be/libc.a(lib_a-strncasecmp.o)
                0x0000000012f384a0                strncasecmp
 .text          0x0000000012f3852c      0x1f8 be/libc.a(lib_a-strtol.o)
                0x0000000012f3852c                _strtol_r
                0x0000000012f386fc                strtol
 .text          0x0000000012f38724       0xf4 be/libc.a(lib_a-getenv_r.o)
                0x0000000012f38724                _findenv_r
                0x0000000012f387fc                _getenv_r
 .text          0x0000000012f38818        0x8 be/libc.a(lib_a-envlock.o)
                0x0000000012f38818                __env_lock
                0x0000000012f3881c                __env_unlock
 .text          0x0000000012f38820      0x114 be/libgcc.a(_udivsi3.o)
                0x0000000012f38820                __aeabi_uidiv
                0x0000000012f38820                __udivsi3
                0x0000000012f38914                __aeabi_uidivmod
 .text          0x0000000012f38934        0x4 be/libgcc.a(_dvmd_tls.o)
                0x0000000012f38934                __aeabi_idiv0
                0x0000000012f38934                __aeabi_ldiv0
 .text          0x0000000012f38938      0x2a8 be/libgcc.a(_arm_addsubsf3.o)
                0x0000000012f38938                __aeabi_frsub
                0x0000000012f38940                __subsf3
                0x0000000012f38940                __aeabi_fsub
                0x0000000012f38944                __aeabi_fadd
                0x0000000012f38944                __addsf3
                0x0000000012f38b00                __aeabi_ui2f
                0x0000000012f38b00                __floatunsisf
                0x0000000012f38b08                __aeabi_i2f
                0x0000000012f38b08                __floatsisf
                0x0000000012f38b24                __aeabi_ul2f
                0x0000000012f38b24                __floatundisf
                0x0000000012f38b34                __aeabi_l2f
                0x0000000012f38b34                __floatdisf
 .text          0x0000000012f38be0      0x2f8 be/libgcc.a(_arm_muldivsf3.o)
                0x0000000012f38be0                __mulsf3
                0x0000000012f38be0                __aeabi_fmul
                0x0000000012f38d78                __aeabi_fdiv
                0x0000000012f38d78                __divsf3
 .text          0x0000000012f38ed8      0x114 be/libgcc.a(_arm_cmpsf2.o)
                0x0000000012f38ed8                __gesf2
                0x0000000012f38ed8                __gtsf2
                0x0000000012f38ee0                __lesf2
                0x0000000012f38ee0                __ltsf2
                0x0000000012f38ee8                __nesf2
                0x0000000012f38ee8                __eqsf2
                0x0000000012f38ee8                __cmpsf2
                0x0000000012f38f4c                __aeabi_cfrcmple
                0x0000000012f38f5c                __aeabi_cfcmpeq
                0x0000000012f38f5c                __aeabi_cfcmple
                0x0000000012f38f74                __aeabi_fcmpeq
                0x0000000012f38f8c                __aeabi_fcmplt
                0x0000000012f38fa4                __aeabi_fcmple
                0x0000000012f38fbc                __aeabi_fcmpge
                0x0000000012f38fd4                __aeabi_fcmpgt
 .text          0x0000000012f38fec       0x54 be/libgcc.a(_arm_fixunssfsi.o)
                0x0000000012f38fec                __fixunssfsi
                0x0000000012f38fec                __aeabi_f2uiz
 .text          0x0000000012f39040       0x3c be/libgcc.a(_aeabi_uldivmod.o)
                0x0000000012f39040                __aeabi_uldivmod
 .text          0x0000000012f3907c       0x84 be/libgcc.a(bpabi.o)
                0x0000000012f3907c                __gnu_ldivmod_helper
                0x0000000012f390c0                __gnu_uldivmod_helper
 .text          0x0000000012f39100      0x4c4 be/libgcc.a(_divdi3.o)
                0x0000000012f39100                __divdi3
 .text          0x0000000012f395c4      0x474 be/libgcc.a(_udivdi3.o)
                0x0000000012f395c4                __udivdi3
 .text          0x0000000012f39a38       0x48 be/libgcc.a(_clzsi2.o)
                0x0000000012f39a38                __clzsi2
 *(.text.*)
 *(.gnu.warning)
 *(.gnu.linkonce.t*)
 *(.glue_7)
 .glue_7        0x0000000012f39a80        0x0 linker stubs
 *(.glue_7t)
 .glue_7t       0x0000000012f39a80        0x0 linker stubs
                0x0000000012f39a80                . = ALIGN (0x4)

.vfp11_veneer   0x0000000012f39a80        0x0
 .vfp11_veneer  0x0000000012f39a80        0x0 linker stubs

.v4_bx          0x0000000012f39a80        0x0
 .v4_bx         0x0000000012f39a80        0x0 linker stubs

.iplt           0x0000000012f39a80        0x0
 .iplt          0x0000000012f39a80        0x0 start.o

.rodata         0x0000000012f60000     0x7bb4
 *(.rodata)
 .rodata        0x0000000012f60000       0x45 GCAM.o
 *fill*         0x0000000012f60045        0x3 
 .rodata        0x0000000012f60048       0x63 JVSIO.o
 *fill*         0x0000000012f600ab        0x1 
 .rodata        0x0000000012f600ac        0x7 lwbt/bte.o
 *fill*         0x0000000012f600b3        0x1 
 .rodata        0x0000000012f600b4       0x90 be/libc.a(lib_a-mbtowc_r.o)
 .rodata        0x0000000012f60144       0x68 be/libc.a(lib_a-mktm_r.o)
 .rodata        0x0000000012f601ac      0x104 be/libc.a(lib_a-ctype_.o)
                0x0000000012f601ac                _ctype_
 .rodata        0x0000000012f602b0       0x1c be/libc.a(lib_a-locale.o)
 *all.rodata*(*)
 *(.roda)
 *(.rodata.*)
 .rodata.Shutdown.str1.4
                0x0000000012f602cc       0x1a common.o
 *fill*         0x0000000012f602e6       0x1a 
 .rodata.stm_imm
                0x0000000012f60300       0x13 common.o
 *fill*         0x0000000012f60313        0x1 
 .rodata.GCAMGetCARDName.str1.4
                0x0000000012f60314       0x5b GCAM.o
 *fill*         0x0000000012f6036f        0x1 
 .rodata.GCAMCARDIsValid.str1.4
                0x0000000012f60370        0xc GCAM.o
 .rodata.GCAMCommand.str1.4
                0x0000000012f6037c       0x10 GCAM.o
 .rodata.TRI_NamcoChar
                0x0000000012f6038c       0x3b JVSIO.o
 *fill*         0x0000000012f603c7        0x1 
 .rodata.TRI_SegaChar
                0x0000000012f603c8       0x33 JVSIO.o
 *fill*         0x0000000012f603fb        0x1 
 .rodata.FSTInit.str1.4
                0x0000000012f603fc       0x1e FST.o
 *fill*         0x0000000012f6041a        0x2 
 .rodata.FSTRead.str1.4
                0x0000000012f6041c       0x3c FST.o
 .rodata.DIRegister.str1.4
                0x0000000012f60458        0xa DI.o
 *fill*         0x0000000012f60462        0x2 
 .rodata.DIUpdateRegisters.str1.4
                0x0000000012f60464       0x10 DI.o
 .rodata.DIReadThread.str1.4
                0x0000000012f60474        0x3 DI.o
 *fill*         0x0000000012f60477        0x1 
 .rodata.DI_READ_BUFFER
                0x0000000012f60478        0x4 DI.o
                0x0000000012f60478                DI_READ_BUFFER
 .rodata.DI_READ_BUFFER_LENGTH
                0x0000000012f6047c        0x4 DI.o
                0x0000000012f6047c                DI_READ_BUFFER_LENGTH
 .rodata.disc_filenames
                0x0000000012f60480       0x80 DI.o
 .rodata.RealDI_Identify.str1.4
                0x0000000012f60500       0x5f RealDI.o
 *fill*         0x0000000012f6055f        0x1 
 .rodata.di_path
                0x0000000012f60560        0x8 RealDI.o
 .rodata.GameNeedsHook.str1.4
                0x0000000012f60568       0x36 Patch.o
 *fill*         0x0000000012f6059e        0x2 
 .rodata.printpatchfound.str1.4
                0x0000000012f605a0       0x42 Patch.o
 *fill*         0x0000000012f605e2        0x2 
 .rodata.PatchFuncInterface.str1.4
                0x0000000012f605e4       0x7e Patch.o
 *fill*         0x0000000012f60662        0x2 
 .rodata.PatchPatchBuffer.str1.4
                0x0000000012f60664       0x25 Patch.o
 *fill*         0x0000000012f60689        0x3 
 .rodata.SetIPL_TRI.str1.4
                0x0000000012f6068c       0x11 Patch.o
 *fill*         0x0000000012f6069d        0x3 
 .rodata.Check_Cheats.str1.4
                0x0000000012f606a0       0x31 Patch.o
                                         0x3d (size before relaxing)
 *fill*         0x0000000012f606d1        0x3 
 .rodata.DoPatches.str1.4
                0x0000000012f606d4     0x1862 Patch.o
                                       0x1866 (size before relaxing)
 *fill*         0x0000000012f61f36        0x2 
 .rodata.PatchGame.str1.4
                0x0000000012f61f38       0x53 Patch.o
 *fill*         0x0000000012f61f8b        0x1 
 .rodata.str1.4
                0x0000000012f61f8c      0x719 Patch.o
                                        0x72d (size before relaxing)
 *fill*         0x0000000012f626a5        0x3 
 .rodata.ARQPostRequest
                0x0000000012f626a8       0xe4 Patch.o
                0x0000000012f626a8                ARQPostRequest
 .rodata.ARStartDMA
                0x0000000012f6278c       0xbc Patch.o
                0x0000000012f6278c                ARStartDMA
 .rodata.ARStartDMA_Hook
                0x0000000012f62848       0x1c Patch.o
                0x0000000012f62848                ARStartDMA_Hook
 .rodata.ARStartDMA_PM
                0x0000000012f62864       0xcc Patch.o
                0x0000000012f62864                ARStartDMA_PM
 .rodata.ARStartDMA_TC
                0x0000000012f62930       0xcc Patch.o
                0x0000000012f62930                ARStartDMA_TC
 .rodata.AllFPatterns
                0x0000000012f629fc       0x6c Patch.o
 .rodata.DHCP_get_dns
                0x0000000012f62a68       0x10 Patch.o
                0x0000000012f62a68                DHCP_get_dns
 .rodata.DHCP_get_gateway
                0x0000000012f62a78       0x10 Patch.o
                0x0000000012f62a78                DHCP_get_gateway
 .rodata.DHCP_release
                0x0000000012f62a88       0x10 Patch.o
                0x0000000012f62a88                DHCP_release
 .rodata.DHCP_request_nb
                0x0000000012f62a98       0x10 Patch.o
                0x0000000012f62a98                DHCP_request_nb
 .rodata.DSPHashes
                0x0000000012f62aa8      0x154 Patch.o
 .rodata.DSPPattern
                0x0000000012f62bfc       0x80 Patch.o
 .rodata.DVDGetDriveStatus
                0x0000000012f62c7c        0x8 Patch.o
 .rodata.DVDSendCMDEncrypted
                0x0000000012f62c84       0x1c Patch.o
                0x0000000012f62c84                DVDSendCMDEncrypted
 .rodata.DatelTimer
                0x0000000012f62ca0       0x14 Patch.o
                0x0000000012f62ca0                DatelTimer
 .rodata.DiskDriveInfo
                0x0000000012f62cb4       0x20 Patch.o
                0x0000000012f62cb4                DiskDriveInfo
 .rodata.DspMatches
                0x0000000012f62cd4       0xc0 Patch.o
 .rodata.EXIDMA
                0x0000000012f62d94       0x70 Patch.o
                0x0000000012f62d94                EXIDMA
 .rodata.EXIImm
                0x0000000012f62e04       0xc8 Patch.o
                0x0000000012f62e04                EXIImm
 .rodata.EXILock
                0x0000000012f62ecc        0x8 Patch.o
                0x0000000012f62ecc                EXILock
 .rodata.EXIProbe
                0x0000000012f62ed4       0x58 Patch.o
                0x0000000012f62ed4                EXIProbe
 .rodata.EXISelect
                0x0000000012f62f2c       0x34 Patch.o
                0x0000000012f62f2c                EXISelect
 .rodata.FakeEntryLoad
                0x0000000012f62f60       0x64 Patch.o
                0x0000000012f62f60                FakeEntryLoad
 .rodata.FakeInterrupt
                0x0000000012f62fc4       0x58 Patch.o
                0x0000000012f62fc4                FakeInterrupt
 .rodata.FakeInterrupt_DBG
                0x0000000012f6301c       0x50 Patch.o
                0x0000000012f6301c                FakeInterrupt_DBG
 .rodata.FakeInterrupt_Datel
                0x0000000012f6306c       0x6c Patch.o
                0x0000000012f6306c                FakeInterrupt_Datel
 .rodata.FakeRSWLoad
                0x0000000012f630d8       0x1c Patch.o
                0x0000000012f630d8                FakeRSWLoad
 .rodata.FakeRSWStore
                0x0000000012f630f4       0x20 Patch.o
                0x0000000012f630f4                FakeRSWStore
 .rodata.GCAMSendCommand
                0x0000000012f63114       0xbc Patch.o
                0x0000000012f63114                GCAMSendCommand
 .rodata.GXDeflickerOff
                0x0000000012f631d0        0x7 Patch.o
 *fill*         0x0000000012f631d7        0x1 
 .rodata.GXDeflickerOn
                0x0000000012f631d8        0x7 Patch.o
 *fill*         0x0000000012f631df        0x1 
 .rodata.GXInitTlutObj
                0x0000000012f631e0       0x1c Patch.o
                0x0000000012f631e0                GXInitTlutObj
 .rodata.GXIntDfAt04
                0x0000000012f631fc       0x10 Patch.o
 .rodata.GXLoadTlut
                0x0000000012f6320c        0xc Patch.o
                0x0000000012f6320c                GXLoadTlut
 .rodata.HSPIntrruptHandler
                0x0000000012f63218       0x3c Patch.o
                0x0000000012f63218                HSPIntrruptHandler
 .rodata.IPClearConfigError
                0x0000000012f63254       0x10 Patch.o
                0x0000000012f63254                IPClearConfigError
 .rodata.IPGetAddr
                0x0000000012f63264       0x10 Patch.o
                0x0000000012f63264                IPGetAddr
 .rodata.IPGetConfigError
                0x0000000012f63274       0x10 Patch.o
                0x0000000012f63274                IPGetConfigError
 .rodata.IPGetLinkState
                0x0000000012f63284       0x10 Patch.o
                0x0000000012f63284                IPGetLinkState
 .rodata.IPGetMacAddr
                0x0000000012f63294       0x10 Patch.o
                0x0000000012f63294                IPGetMacAddr
 .rodata.IPGetMtu
                0x0000000012f632a4       0x10 Patch.o
                0x0000000012f632a4                IPGetMtu
 .rodata.IPGetNetmask
                0x0000000012f632b4       0x10 Patch.o
                0x0000000012f632b4                IPGetNetmask
 .rodata.IPSetConfigError
                0x0000000012f632c4       0x10 Patch.o
                0x0000000012f632c4                IPSetConfigError
 .rodata.KeyboardRead
                0x0000000012f632d4       0x10 Patch.o
                0x0000000012f632d4                KeyboardRead
 .rodata.MajoraAudioStream
                0x0000000012f632e4       0xcc Patch.o
                0x0000000012f632e4                MajoraAudioStream
 .rodata.MajoraLoadRegs
                0x0000000012f633b0       0x1c Patch.o
                0x0000000012f633b0                MajoraLoadRegs
 .rodata.MajoraSaveRegs
                0x0000000012f633cc       0x28 Patch.o
                0x0000000012f633cc                MajoraSaveRegs
 .rodata.OSExceptionInit
                0x0000000012f633f4       0x14 Patch.o
                0x0000000012f633f4                OSExceptionInit
 .rodata.PADControlAllMotors
                0x0000000012f63408       0x2c Patch.o
                0x0000000012f63408                PADControlAllMotors
 .rodata.PADControlMotor
                0x0000000012f63434       0x24 Patch.o
                0x0000000012f63434                PADControlMotor
 .rodata.PADIsBarrel
                0x0000000012f63458       0x2c Patch.o
                0x0000000012f63458                PADIsBarrel
 .rodata.PADIsBarrelOri
                0x0000000012f63484       0x1c Patch.o
 .rodata.PADRead
                0x0000000012f634a0       0x70 Patch.o
                0x0000000012f634a0                PADRead
 .rodata.ReadROM
                0x0000000012f63510       0x6c Patch.o
                0x0000000012f63510                ReadROM
 .rodata.Return0
                0x0000000012f6357c        0x8 Patch.o
                0x0000000012f6357c                Return0
 .rodata.Return1
                0x0000000012f63584        0x8 Patch.o
                0x0000000012f63584                Return1
 .rodata.ReturnMinus1
                0x0000000012f6358c        0x8 Patch.o
                0x0000000012f6358c                ReturnMinus1
 .rodata.SIGetType
                0x0000000012f63594       0x38 Patch.o
                0x0000000012f63594                SIGetType
 .rodata.SIInitStore
                0x0000000012f635cc       0x1c Patch.o
                0x0000000012f635cc                SIInitStore
 .rodata.SIIntrruptHandler
                0x0000000012f635e8       0x14 Patch.o
                0x0000000012f635e8                SIIntrruptHandler
 .rodata.SITransfer
                0x0000000012f635fc      0x118 Patch.o
                0x0000000012f635fc                SITransfer
 .rodata.SOAccept
                0x0000000012f63714       0x10 Patch.o
                0x0000000012f63714                SOAccept
 .rodata.SOBind
                0x0000000012f63724       0x10 Patch.o
                0x0000000012f63724                SOBind
 .rodata.SOCleanup
                0x0000000012f63734       0x10 Patch.o
                0x0000000012f63734                SOCleanup
 .rodata.SOClose
                0x0000000012f63744       0x10 Patch.o
                0x0000000012f63744                SOClose
 .rodata.SOFcntl
                0x0000000012f63754       0x10 Patch.o
                0x0000000012f63754                SOFcntl
 .rodata.SOInit
                0x0000000012f63764       0x10 Patch.o
                0x0000000012f63764                SOInit
 .rodata.SOListen
                0x0000000012f63774       0x10 Patch.o
                0x0000000012f63774                SOListen
 .rodata.SOPoll
                0x0000000012f63784       0x10 Patch.o
                0x0000000012f63784                SOPoll
 .rodata.SORecvFrom
                0x0000000012f63794       0x10 Patch.o
                0x0000000012f63794                SORecvFrom
 .rodata.SOSendTo
                0x0000000012f637a4       0x10 Patch.o
                0x0000000012f637a4                SOSendTo
 .rodata.SOSetSockOpt
                0x0000000012f637b4       0x10 Patch.o
                0x0000000012f637b4                SOSetSockOpt
 .rodata.SOShutdown
                0x0000000012f637c4       0x10 Patch.o
                0x0000000012f637c4                SOShutdown
 .rodata.SOSocket
                0x0000000012f637d4       0x10 Patch.o
                0x0000000012f637d4                SOSocket
 .rodata.SOStartup
                0x0000000012f637e4       0x10 Patch.o
                0x0000000012f637e4                SOStartup
 .rodata.SonicRidersCopy
                0x0000000012f637f4       0x18 Patch.o
                0x0000000012f637f4                SonicRidersCopy
 .rodata.SwitcherPrs
                0x0000000012f6380c       0x40 Patch.o
                0x0000000012f6380c                SwitcherPrs
 .rodata.TCIntrruptHandler
                0x0000000012f6384c       0x14 Patch.o
                0x0000000012f6384c                TCIntrruptHandler
 .rodata.__ARHandler
                0x0000000012f63860       0xd0 Patch.o
                0x0000000012f63860                __ARHandler
 .rodata.__CARDClearStatus
                0x0000000012f63930        0x8 Patch.o
                0x0000000012f63930                __CARDClearStatus
 .rodata.__CARDReadStatus
                0x0000000012f63938       0x10 Patch.o
                0x0000000012f63938                __CARDReadStatus
 .rodata.__DSPHandler
                0x0000000012f63948      0x1d4 Patch.o
                0x0000000012f63948                __DSPHandler
 .rodata.__DVDInterruptHandler
                0x0000000012f63b1c       0x48 Patch.o
                0x0000000012f63b1c                __DVDInterruptHandler
 .rodata.__GXSetVAT
                0x0000000012f63b64       0x7c Patch.o
                0x0000000012f63b64                __GXSetVAT
 .rodata.avetcp_init
                0x0000000012f63be0       0x10 Patch.o
                0x0000000012f63be0                avetcp_init
 .rodata.avetcp_term
                0x0000000012f63bf0       0x10 Patch.o
                0x0000000012f63bf0                avetcp_term
 .rodata.codehandler
                0x0000000012f63c00     0x10d0 Patch.o
                0x0000000012f63c00                codehandler
 .rodata.codehandler_stub
                0x0000000012f64cd0       0x44 Patch.o
                0x0000000012f64cd0                codehandler_stub
 .rodata.codehandleronly
                0x0000000012f64d14      0xaa8 Patch.o
                0x0000000012f64d14                codehandleronly
 .rodata.dns_clear_server
                0x0000000012f657bc       0x10 Patch.o
                0x0000000012f657bc                dns_clear_server
 .rodata.dns_close
                0x0000000012f657cc       0x10 Patch.o
                0x0000000012f657cc                dns_close
 .rodata.dns_get_addr
                0x0000000012f657dc       0x10 Patch.o
                0x0000000012f657dc                dns_get_addr
 .rodata.dns_open_addr
                0x0000000012f657ec       0x10 Patch.o
                0x0000000012f657ec                dns_open_addr
 .rodata.dns_set_server
                0x0000000012f657fc       0x10 Patch.o
                0x0000000012f657fc                dns_set_server
 .rodata.patch_fwrite_GC
                0x0000000012f6580c       0x90 Patch.o
                0x0000000012f6580c                patch_fwrite_GC
 .rodata.patch_fwrite_Log
                0x0000000012f6589c       0x68 Patch.o
                0x0000000012f6589c                patch_fwrite_Log
 .rodata.tcp_abort
                0x0000000012f65904       0x10 Patch.o
                0x0000000012f65904                tcp_abort
 .rodata.tcp_accept
                0x0000000012f65914       0x10 Patch.o
                0x0000000012f65914                tcp_accept
 .rodata.tcp_bind
                0x0000000012f65924       0x10 Patch.o
                0x0000000012f65924                tcp_bind
 .rodata.tcp_connect
                0x0000000012f65934       0x10 Patch.o
                0x0000000012f65934                tcp_connect
 .rodata.tcp_create
                0x0000000012f65944       0x10 Patch.o
                0x0000000012f65944                tcp_create
 .rodata.tcp_delete
                0x0000000012f65954       0x10 Patch.o
                0x0000000012f65954                tcp_delete
 .rodata.tcp_getaddr
                0x0000000012f65964       0x10 Patch.o
                0x0000000012f65964                tcp_getaddr
 .rodata.tcp_listen
                0x0000000012f65974       0x10 Patch.o
                0x0000000012f65974                tcp_listen
 .rodata.tcp_receive
                0x0000000012f65984       0x10 Patch.o
                0x0000000012f65984                tcp_receive
 .rodata.tcp_send
                0x0000000012f65994       0x10 Patch.o
                0x0000000012f65994                tcp_send
 .rodata.tcp_stat
                0x0000000012f659a4       0x10 Patch.o
                0x0000000012f659a4                tcp_stat
 .rodata.PatchTimers.str1.4
                0x0000000012f659b4      0x563 PatchTimers.o
 *fill*         0x0000000012f65f17        0x1 
 .rodata.PatchStaticTimers.str1.4
                0x0000000012f65f18      0x18b PatchTimers.o
 *fill*         0x0000000012f660a3        0x1 
 .rodata.TRIBackupSettings.str1.4
                0x0000000012f660a4       0x1b TRI.o
 *fill*         0x0000000012f660bf        0x1 
 .rodata.TRIReadSettings.str1.4
                0x0000000012f660c0       0x17 TRI.o
 *fill*         0x0000000012f660d7        0x1 
 .rodata.TRISetupGames.str1.4
                0x0000000012f660d8      0x26b TRI.o
 *fill*         0x0000000012f66343        0x1 
 .rodata.CheckTestMenu
                0x0000000012f66344       0x30 TRI.o
                0x0000000012f66344                CheckTestMenu
 .rodata.CheckTestMenuGP
                0x0000000012f66374       0x34 TRI.o
                0x0000000012f66374                CheckTestMenuGP
 .rodata.CheckTestMenuVS
                0x0000000012f663a8       0x34 TRI.o
                0x0000000012f663a8                CheckTestMenuVS
 .rodata.CheckTestMenuYakyuu
                0x0000000012f663dc       0x34 TRI.o
                0x0000000012f663dc                CheckTestMenuYakyuu
 .rodata.PADControlMotorGP
                0x0000000012f66410       0x44 TRI.o
                0x0000000012f66410                PADControlMotorGP
 .rodata.PADReadF
                0x0000000012f66454       0x44 TRI.o
                0x0000000012f66454                PADReadF
 .rodata.PADReadGP
                0x0000000012f66498       0x3c TRI.o
                0x0000000012f66498                PADReadGP
 .rodata.PADReadVS
                0x0000000012f664d4       0x3c TRI.o
                0x0000000012f664d4                PADReadVS
 .rodata.PADReadVS3
                0x0000000012f66510       0x3c TRI.o
                0x0000000012f66510                PADReadVS3
 .rodata.RestoreSettingsAX_RVC
                0x0000000012f6654c       0x28 TRI.o
                0x0000000012f6654c                RestoreSettingsAX_RVC
 .rodata.RestoreSettingsAX_RVD
                0x0000000012f66574       0x28 TRI.o
                0x0000000012f66574                RestoreSettingsAX_RVD
 .rodata.RestoreSettingsAX_RVE
                0x0000000012f6659c       0x28 TRI.o
                0x0000000012f6659c                RestoreSettingsAX_RVE
 .rodata.RestoreSettingsVS3V02
                0x0000000012f665c4       0x2c TRI.o
                0x0000000012f665c4                RestoreSettingsVS3V02
 .rodata.RestoreSettingsVS4EXP
                0x0000000012f665f0       0x2c TRI.o
                0x0000000012f665f0                RestoreSettingsVS4EXP
 .rodata.RestoreSettingsVS4JAP
                0x0000000012f6661c       0x2c TRI.o
                0x0000000012f6661c                RestoreSettingsVS4JAP
 .rodata.RestoreSettingsVS4V06EXP
                0x0000000012f66648       0x2c TRI.o
                0x0000000012f66648                RestoreSettingsVS4V06EXP
 .rodata.RestoreSettingsVS4V06JAP
                0x0000000012f66674       0x2c TRI.o
                0x0000000012f66674                RestoreSettingsVS4V06JAP
 .rodata.RestoreSettingsYAKRVB
                0x0000000012f666a0       0x28 TRI.o
                0x0000000012f666a0                RestoreSettingsYAKRVB
 .rodata.RestoreSettingsYAKRVC
                0x0000000012f666c8       0x28 TRI.o
                0x0000000012f666c8                RestoreSettingsYAKRVC
 .rodata.SETTINGS_AX_RVC
                0x0000000012f666f0       0x1a TRI.o
 *fill*         0x0000000012f6670a        0x2 
 .rodata.SETTINGS_AX_RVD
                0x0000000012f6670c       0x1a TRI.o
 *fill*         0x0000000012f66726        0x2 
 .rodata.SETTINGS_AX_RVE
                0x0000000012f66728       0x1a TRI.o
 *fill*         0x0000000012f66742        0x2 
 .rodata.SETTINGS_VS3V02
                0x0000000012f66744       0x1a TRI.o
 *fill*         0x0000000012f6675e        0x2 
 .rodata.SETTINGS_VS4EXP
                0x0000000012f66760       0x1a TRI.o
 *fill*         0x0000000012f6677a        0x2 
 .rodata.SETTINGS_VS4JAP
                0x0000000012f6677c       0x1a TRI.o
 *fill*         0x0000000012f66796        0x2 
 .rodata.SETTINGS_VS4V06EXP
                0x0000000012f66798       0x1d TRI.o
 *fill*         0x0000000012f667b5        0x3 
 .rodata.SETTINGS_VS4V06JAP
                0x0000000012f667b8       0x1d TRI.o
 *fill*         0x0000000012f667d5        0x3 
 .rodata.SETTINGS_YAKRVB
                0x0000000012f667d8       0x1a TRI.o
 *fill*         0x0000000012f667f2        0x2 
 .rodata.SETTINGS_YAKRVC
                0x0000000012f667f4       0x1a TRI.o
 *fill*         0x0000000012f6680e        0x2 
 .rodata.PatchWidescreen.str1.4
                0x0000000012f66810      0x150 PatchWidescreen.o
 .rodata.PatchStaticWidescreen.str1.4
                0x0000000012f66960      0x409 PatchWidescreen.o
 *fill*         0x0000000012f66d69        0x3 
 .rodata.CalcWidescreen
                0x0000000012f66d6c       0x44 PatchWidescreen.o
                0x0000000012f66d6c                CalcWidescreen
 .rodata.CalcWidescreenDiv
                0x0000000012f66db0       0x44 PatchWidescreen.o
                0x0000000012f66db0                CalcWidescreenDiv
 .rodata.ISOInit.str1.4
                0x0000000012f66df4       0x22 ISO.o
 *fill*         0x0000000012f66e16        0x2 
 .rodata.EXIDevice_ROM_RTC_SRAM_UART.isra.0.str1.4
                0x0000000012f66e18       0x50 EXI.o
 .rodata.EXIInit.str1.4
                0x0000000012f66e68       0x10 EXI.o
 .rodata.EXISetTimings.str1.4
                0x0000000012f66e78       0x20 EXI.o
 .rodata.EXIShutdown.str1.4
                0x0000000012f66e98       0x28 EXI.o
 .rodata.EXIPrepareTRIGameStart.str1.4
                0x0000000012f66ec0       0x1d EXI.o
 *fill*         0x0000000012f66edd        0x3 
 .rodata.sb311block
                0x0000000012f66ee0       0xd8 EXI.o
 .rodata.GCNCard_Load.str1.4
                0x0000000012f66fb8       0xc6 GCNCard.o
 *fill*         0x0000000012f6707e        0x2 
 .rodata.GCNCard_Save.str1.4
                0x0000000012f67080       0x35 GCNCard.o
 *fill*         0x0000000012f670b5        0x3 
 .rodata.HIDInit.str1.4
                0x0000000012f670b8        0xd HID.o
 *fill*         0x0000000012f670c5        0x3 
 .rodata.ConfigGetValue.str1.4
                0x0000000012f670c8        0x5 HID.o
 *fill*         0x0000000012f670cd        0x3 
 .rodata.HIDOpen.str1.4
                0x0000000012f670d0      0x165 HID.o
                                        0x185 (size before relaxing)
 *fill*         0x0000000012f67235        0x3 
 .rodata.rawData
                0x0000000012f67238       0x31 HID.o
 *fill*         0x0000000012f67269        0x3 
 .rodata.disk_read_usb.str1.4
                0x0000000012f6726c       0x45 diskio.o
 *fill*         0x0000000012f672b1        0x3 
 .rodata.disk_write_usb.str1.4
                0x0000000012f672b4       0x45 diskio.o
 *fill*         0x0000000012f672f9        0x3 
 .rodata.ConfigInit.str1.4
                0x0000000012f672fc       0x74 Config.o
 .rodata._main.str1.4
                0x0000000012f67370      0x109 main.o
 *fill*         0x0000000012f67479        0x3 
 .rodata.fatDevName
                0x0000000012f6747c        0x4 main.o
 .rodata.ReadSpeed_Init.str1.4
                0x0000000012f67480       0x38 ReadSpeed.o
 .rodata.number.str1.4
                0x0000000012f674b8       0x4d vsprintf.o
 *fill*         0x0000000012f67505        0x3 
 .rodata.dbgprintf.str1.4
                0x0000000012f67508       0x66 vsprintf.o
 .rodata._sprintf.constprop.0.str1.4
                0x0000000012f6756e       0x66 string.o
                                          0x3 (size before relaxing)
 *fill*         0x0000000012f6756e        0x2 
 .rodata._sprintf.constprop.1.str1.4
                0x0000000012f67570        0x3 string.o
 .rodata._sprintf.constprop.2.str1.4
                0x0000000012f67573        0x3 string.o
                                          0x2 (size before relaxing)
 *fill*         0x0000000012f67573        0x1 
 .rodata._sprintf.constprop.3.str1.4
                0x0000000012f67574        0x6 string.o
 *fill*         0x0000000012f6757a        0x2 
 .rodata._sprintf.constprop.4.str1.4
                0x0000000012f6757c        0x4 string.o
 .rodata._sprintf.constprop.5.str1.4
                0x0000000012f67580        0x7 string.o
 *fill*         0x0000000012f67587       0x19 
 .rodata.__ven_path
                0x0000000012f675a0        0xd usb.o
 *fill*         0x0000000012f675ad        0x3 
 .rodata.str1.4
                0x0000000012f675b0       0x16 wdvd.o
 *fill*         0x0000000012f675c6       0x1a 
 .rodata.di_fs  0x0000000012f675e0        0x8 wdvd.o
 .rodata.discName
                0x0000000012f675e8        0x8 wdvd.o
 .rodata.SOCKInit.str1.4
                0x0000000012f675f0       0x24 sock.o
 .rodata.bte_hci_initcore_complete2.str1.4
                0x0000000012f67614        0x4 lwbt/bte.o
 .rodata.bte_hci_initcore_complete.str1.4
                0x0000000012f67618        0x4 lwbt/bte.o
                                          0x1 (size before relaxing)
 .rodata.bte_hci_initsub_complete.str1.4
                0x0000000012f67618        0x4 lwbt/bte.o
 .rodata.physbusif_init.str1.4
                0x0000000012f6761c       0x13 lwbt/physbusif.o
 *fill*         0x0000000012f6762f        0x1 
 .rodata.BTCompleteCB.str1.4
                0x0000000012f67630        0x4 BT.o
 .rodata.LEDState
                0x0000000012f67634        0x5 BT.o
 *fill*         0x0000000012f67639        0x3 
 .rodata.f_open.str1.4
                0x0000000012f6763c       0x13 ../fatfs/libfatfs-arm.a(ff-arm.o)
 *fill*         0x0000000012f6764f        0x1 
 .rodata.ExCvt  0x0000000012f67650       0x80 ../fatfs/libfatfs-arm.a(ff-arm.o)
 .rodata.LfnOfs
                0x0000000012f676d0        0xd ../fatfs/libfatfs-arm.a(ff-arm.o)
 *fill*         0x0000000012f676dd        0x3 
 .rodata.Tbl    0x0000000012f676e0      0x100 ../fatfs/libfatfs-arm.a(ccsbcs-arm.o)
 .rodata.cvt1.1
                0x0000000012f677e0      0x1f2 ../fatfs/libfatfs-arm.a(ccsbcs-arm.o)
 *fill*         0x0000000012f679d2        0x2 
 .rodata.cvt2.0
                0x0000000012f679d4       0xbc ../fatfs/libfatfs-arm.a(ccsbcs-arm.o)
 .rodata.str1.4
                0x0000000012f67a90        0x4 be/libc.a(lib_a-impure.o)
 .rodata.str1.4
                0x0000000012f67a90      0x124 be/libc.a(lib_a-locale.o)
                                        0x130 (size before relaxing)
 *(.gnu.linkonce.r*)
                0x0000000012f67bb4                . = ALIGN (0x4)

.rel.dyn        0x0000000012f67bb4        0x0
 .rel.iplt      0x0000000012f67bb4        0x0 start.o

.data           0x0000000012f67bb4     0x5444
 *(.data)
 *fill*         0x0000000012f67bb4        0x4 
 .data          0x0000000012f67bb8      0x430 be/libc.a(lib_a-impure.o)
                0x0000000012f67bb8                _impure_ptr
 .data          0x0000000012f67fe8        0x4 be/libc.a(lib_a-mbtowc_r.o)
                0x0000000012f67fe8                __mbtowc
 .data          0x0000000012f67fec        0x4 be/libc.a(lib_a-wctomb_r.o)
                0x0000000012f67fec                __wctomb
 .data          0x0000000012f67ff0        0x4 be/libc.a(lib_a-ctype_.o)
                0x0000000012f67ff0                __ctype_ptr__
 .data          0x0000000012f67ff4       0x40 be/libc.a(lib_a-gettzinfo.o)
 .data          0x0000000012f68034      0x17c be/libc.a(lib_a-locale.o)
                0x0000000012f68034                __default_locale
                0x0000000012f68154                __mb_cur_max
 .data          0x0000000012f681b0        0x4 be/libc.a(lib_a-environ.o)
                0x0000000012f681b0                environ
 *(.data.*)
 .data.d10_0    0x0000000012f681b4        0x4 JVSIO.o
                0x0000000012f681b4                d10_0
 .data.d10_1    0x0000000012f681b8        0x4 JVSIO.o
                0x0000000012f681b8                d10_1
 .data.DI_Handle
                0x0000000012f681bc        0x4 DI.o
                0x0000000012f681bc                DI_Handle
 .data.DI_MessageQueue
                0x0000000012f681c0        0x4 DI.o
                0x0000000012f681c0                DI_MessageQueue
 *fill*         0x0000000012f681c4        0x4 
 .data.DVD_OFFSET64
                0x0000000012f681c8        0x8 RealDI.o
 .data.di_fd    0x0000000012f681d0        0x4 RealDI.o
 .data.realdiqueue
                0x0000000012f681d4        0x4 RealDI.o
 .data.DatelFPatterns
                0x0000000012f681d8       0x60 Patch.o
 .data.EXIFPatterns
                0x0000000012f68238      0xcc0 Patch.o
 .data.NinSOPatterns
                0x0000000012f68ef8      0x4b0 Patch.o
 .data.NormalFPatterns
                0x0000000012f693a8      0x6c0 Patch.o
 .data.PADFPatterns
                0x0000000012f69a68      0x330 Patch.o
 .data.POffset  0x0000000012f69d98        0x4 Patch.o
 .data.PSOFPatterns
                0x0000000012f69d9c      0x1e0 Patch.o
 .data.PSO_SOPatterns
                0x0000000012f69f7c     0x1050 Patch.o
 .data.SIFPatterns
                0x0000000012f6afcc      0x3c0 Patch.o
 .data.TRIFPatterns
                0x0000000012f6b38c       0xc0 Patch.o
 .data.smc_arr_gc
                0x0000000012f6b44c       0x2c PatchTimers.o
 .data.smc_arr_wii
                0x0000000012f6b478       0x2c PatchTimers.o
 .data.smc_pal50_arr_wii
                0x0000000012f6b4a4       0x2c PatchTimers.o
 .data.DCCache  0x0000000012f6b4d0        0x4 ISO.o
 .data.DCacheLimit
                0x0000000012f6b4d4        0x4 ISO.o
 .data.LastOffset64
                0x0000000012f6b4d8        0x8 ISO.o
 .data.CurrentTiming
                0x0000000012f6b4e0        0x4 EXI.o
 *fill*         0x0000000012f6b4e4       0x1c 
 .data.sram     0x0000000012f6b500       0x40 SRAM.o
                0x0000000012f6b500                sram
 .data.complete
                0x0000000012f6b540        0x4 SI.o
 .data.DefControllers
                0x0000000012f6b544     0x1878 HID.o
                0x0000000012f6b544                DefControllers
 .data.DefRumble
                0x0000000012f6cdbc       0x40 HID.o
                0x0000000012f6cdbc                DefRumble
 .data.HIDHandle
                0x0000000012f6cdfc        0x4 HID.o
 .data.MotorCommand
                0x0000000012f6ce00        0x4 HID.o
                0x0000000012f6ce00                MotorCommand
 .data.RumbleDataOff_0079_0006
                0x0000000012f6ce04        0xe HID.o
                0x0000000012f6ce04                RumbleDataOff_0079_0006
 *fill*         0x0000000012f6ce12        0x2 
 .data.RumbleDataOff_0810_0001
                0x0000000012f6ce14        0x5 HID.o
                0x0000000012f6ce14                RumbleDataOff_0810_0001
 *fill*         0x0000000012f6ce19        0x3 
 .data.RumbleDataOn_0079_0006
                0x0000000012f6ce1c        0xe HID.o
                0x0000000012f6ce1c                RumbleDataOn_0079_0006
 *fill*         0x0000000012f6ce2a        0x2 
 .data.RumbleDataOn_0810_0001
                0x0000000012f6ce2c        0x5 HID.o
                0x0000000012f6ce2c                RumbleDataOn_0810_0001
 *fill*         0x0000000012f6ce31        0x3 
 .data.hidqueue
                0x0000000012f6ce34        0x4 HID.o
 .data.CMDBaseBlock
                0x0000000012f6ce38        0x4 ReadSpeed.o
 .data.CMDLastBlock
                0x0000000012f6ce3c        0x4 ReadSpeed.o
 .data.CMDTicks
                0x0000000012f6ce40        0x4 ReadSpeed.o
 .data.READ_TICKS
                0x0000000012f6ce44        0x4 ReadSpeed.o
 .data.SEEK_TICKS
                0x0000000012f6ce48        0x4 ReadSpeed.o
 .data.UseReadLimit
                0x0000000012f6ce4c        0x4 ReadSpeed.o
                0x0000000012f6ce4c                UseReadLimit
 .data.file_opened
                0x0000000012f6ce50        0x4 vsprintf.o
 .data._sd0_fs  0x0000000012f6ce54       0x10 SDI.o
 .data.ven_fd   0x0000000012f6ce64        0x4 usb.o
 .data.__usb_fd
                0x0000000012f6ce68        0x4 usbstorage.o
 .data.di_fd    0x0000000012f6ce6c        0x4 wdvd.o
 .data.SOCurrentTotalFDs
                0x0000000012f6ce70        0x2 sock.o
                0x0000000012f6ce70                SOCurrentTotalFDs
 *fill*         0x0000000012f6ce72        0x2 
 .data.soHeap   0x0000000012f6ce74        0x4 sock.o
                0x0000000012f6ce74                soHeap
 .data.sockqueue
                0x0000000012f6ce78        0x4 sock.o
 .data.bte_ctrl_reqs
                0x0000000012f6ce7c        0x8 lwbt/bte.o
 .data.bte_patch0
                0x0000000012f6ce84       0xb8 lwbt/bte.o
 .data.bte_patch1
                0x0000000012f6cf3c       0x5c lwbt/bte.o
 .data.bte_pcbs
                0x0000000012f6cf98        0x8 lwbt/bte.o
 .data.pool_pbufs
                0x0000000012f6cfa0        0x8 lwbt/btpbuf.o
 .data.rom_pbufs
                0x0000000012f6cfa8        0x8 lwbt/btpbuf.o
 .data.hci_inq_results
                0x0000000012f6cfb0        0x8 lwbt/hci.o
 .data.hci_link_key_results
                0x0000000012f6cfb8        0x8 lwbt/hci.o
 .data.hci_links
                0x0000000012f6cfc0        0x8 lwbt/hci.o
 .data.hci_pcbs
                0x0000000012f6cfc8        0x8 lwbt/hci.o
 .data.l2cap_listenpcbs
                0x0000000012f6cfd0        0x8 lwbt/l2cap.o
 .data.l2cap_pcbs
                0x0000000012f6cfd8        0x8 lwbt/l2cap.o
 .data.l2cap_segs
                0x0000000012f6cfe0        0x8 lwbt/l2cap.o
 .data.l2cap_sigs
                0x0000000012f6cfe8        0x8 lwbt/l2cap.o
 .data.bulkqueue
                0x0000000012f6cff0        0x4 lwbt/physbusif.o
                0x0000000012f6cff0                bulkqueue
 .data.intrqueue
                0x0000000012f6cff4        0x4 lwbt/physbusif.o
                0x0000000012f6cff4                intrqueue
 *(.gnu.linkonce.d*)
                0x0000000012f6cff8                . = ALIGN (0x4)

.igot.plt       0x0000000012f6cff8        0x0
 .igot.plt      0x0000000012f6cff8        0x0 start.o

.bss            0x0000000012f6cff8    0x4f77c
                0x0000000012f6cff8                __bss_start = .
 *(.dynbss)
 *(.gnu.linkonce.b*)
 *(.bss*)
 *fill*         0x0000000012f6cff8        0x8 
 .bss.stm_in    0x0000000012f6d000       0x20 common.o
 .bss.stm_out   0x0000000012f6d020       0x20 common.o
 .bss.timeBase  0x0000000012f6d040        0x4 common.o
 .bss.timeStarlet
                0x0000000012f6d044        0x4 common.o
 .bss.wrappedAround